Archive member included to satisfy reference by file (symbol)

c:/st/stm32cubeide_1.10.1/stm32cubeide/plugins/com.st.stm32cube.ide.mcu.externaltools.gnu-tools-for-stm32.10.3-2021.10.win32_1.0.0.202111181127/tools/bin/../lib/gcc/arm-none-eabi/10.3.1/../../../../arm-none-eabi/lib/thumb/v7e-m+fp/softfp\libc_nano.a(lib_a-errno.o)
                              ./Application/User/syscalls.o (__errno)
c:/st/stm32cubeide_1.10.1/stm32cubeide/plugins/com.st.stm32cube.ide.mcu.externaltools.gnu-tools-for-stm32.10.3-2021.10.win32_1.0.0.202111181127/tools/bin/../lib/gcc/arm-none-eabi/10.3.1/../../../../arm-none-eabi/lib/thumb/v7e-m+fp/softfp\libc_nano.a(lib_a-exit.o)
                              c:/st/stm32cubeide_1.10.1/stm32cubeide/plugins/com.st.stm32cube.ide.mcu.externaltools.gnu-tools-for-stm32.10.3-2021.10.win32_1.0.0.202111181127/tools/bin/../lib/gcc/arm-none-eabi/10.3.1/../../../../arm-none-eabi/lib/thumb/v7e-m+fp/softfp/crt0.o (exit)
c:/st/stm32cubeide_1.10.1/stm32cubeide/plugins/com.st.stm32cube.ide.mcu.externaltools.gnu-tools-for-stm32.10.3-2021.10.win32_1.0.0.202111181127/tools/bin/../lib/gcc/arm-none-eabi/10.3.1/../../../../arm-none-eabi/lib/thumb/v7e-m+fp/softfp\libc_nano.a(lib_a-impure.o)
                              c:/st/stm32cubeide_1.10.1/stm32cubeide/plugins/com.st.stm32cube.ide.mcu.externaltools.gnu-tools-for-stm32.10.3-2021.10.win32_1.0.0.202111181127/tools/bin/../lib/gcc/arm-none-eabi/10.3.1/../../../../arm-none-eabi/lib/thumb/v7e-m+fp/softfp\libc_nano.a(lib_a-exit.o) (_global_impure_ptr)
c:/st/stm32cubeide_1.10.1/stm32cubeide/plugins/com.st.stm32cube.ide.mcu.externaltools.gnu-tools-for-stm32.10.3-2021.10.win32_1.0.0.202111181127/tools/bin/../lib/gcc/arm-none-eabi/10.3.1/../../../../arm-none-eabi/lib/thumb/v7e-m+fp/softfp\libc_nano.a(lib_a-init.o)
                              c:/st/stm32cubeide_1.10.1/stm32cubeide/plugins/com.st.stm32cube.ide.mcu.externaltools.gnu-tools-for-stm32.10.3-2021.10.win32_1.0.0.202111181127/tools/bin/../lib/gcc/arm-none-eabi/10.3.1/../../../../arm-none-eabi/lib/thumb/v7e-m+fp/softfp/crt0.o (__libc_init_array)
c:/st/stm32cubeide_1.10.1/stm32cubeide/plugins/com.st.stm32cube.ide.mcu.externaltools.gnu-tools-for-stm32.10.3-2021.10.win32_1.0.0.202111181127/tools/bin/../lib/gcc/arm-none-eabi/10.3.1/../../../../arm-none-eabi/lib/thumb/v7e-m+fp/softfp\libc_nano.a(lib_a-malloc.o)
                              ./Middlewares/STM32_USBD_Library/Class/CDC/usbd_cdc.o (malloc)
c:/st/stm32cubeide_1.10.1/stm32cubeide/plugins/com.st.stm32cube.ide.mcu.externaltools.gnu-tools-for-stm32.10.3-2021.10.win32_1.0.0.202111181127/tools/bin/../lib/gcc/arm-none-eabi/10.3.1/../../../../arm-none-eabi/lib/thumb/v7e-m+fp/softfp\libc_nano.a(lib_a-memcpy-stub.o)
                              ./Middlewares/BlueNRG-MS/HCI/Controller/bluenrg_gap_aci.o (memcpy)
c:/st/stm32cubeide_1.10.1/stm32cubeide/plugins/com.st.stm32cube.ide.mcu.externaltools.gnu-tools-for-stm32.10.3-2021.10.win32_1.0.0.202111181127/tools/bin/../lib/gcc/arm-none-eabi/10.3.1/../../../../arm-none-eabi/lib/thumb/v7e-m+fp/softfp\libc_nano.a(lib_a-memset.o)
                              c:/st/stm32cubeide_1.10.1/stm32cubeide/plugins/com.st.stm32cube.ide.mcu.externaltools.gnu-tools-for-stm32.10.3-2021.10.win32_1.0.0.202111181127/tools/bin/../lib/gcc/arm-none-eabi/10.3.1/../../../../arm-none-eabi/lib/thumb/v7e-m+fp/softfp/crt0.o (memset)
c:/st/stm32cubeide_1.10.1/stm32cubeide/plugins/com.st.stm32cube.ide.mcu.externaltools.gnu-tools-for-stm32.10.3-2021.10.win32_1.0.0.202111181127/tools/bin/../lib/gcc/arm-none-eabi/10.3.1/../../../../arm-none-eabi/lib/thumb/v7e-m+fp/softfp\libc_nano.a(lib_a-nano-freer.o)
                              c:/st/stm32cubeide_1.10.1/stm32cubeide/plugins/com.st.stm32cube.ide.mcu.externaltools.gnu-tools-for-stm32.10.3-2021.10.win32_1.0.0.202111181127/tools/bin/../lib/gcc/arm-none-eabi/10.3.1/../../../../arm-none-eabi/lib/thumb/v7e-m+fp/softfp\libc_nano.a(lib_a-malloc.o) (_free_r)
c:/st/stm32cubeide_1.10.1/stm32cubeide/plugins/com.st.stm32cube.ide.mcu.externaltools.gnu-tools-for-stm32.10.3-2021.10.win32_1.0.0.202111181127/tools/bin/../lib/gcc/arm-none-eabi/10.3.1/../../../../arm-none-eabi/lib/thumb/v7e-m+fp/softfp\libc_nano.a(lib_a-nano-mallocr.o)
                              c:/st/stm32cubeide_1.10.1/stm32cubeide/plugins/com.st.stm32cube.ide.mcu.externaltools.gnu-tools-for-stm32.10.3-2021.10.win32_1.0.0.202111181127/tools/bin/../lib/gcc/arm-none-eabi/10.3.1/../../../../arm-none-eabi/lib/thumb/v7e-m+fp/softfp\libc_nano.a(lib_a-malloc.o) (_malloc_r)
c:/st/stm32cubeide_1.10.1/stm32cubeide/plugins/com.st.stm32cube.ide.mcu.externaltools.gnu-tools-for-stm32.10.3-2021.10.win32_1.0.0.202111181127/tools/bin/../lib/gcc/arm-none-eabi/10.3.1/../../../../arm-none-eabi/lib/thumb/v7e-m+fp/softfp\libc_nano.a(lib_a-sbrkr.o)
[...]
Memory Configuration

Name             Origin             Length             Attributes
FLASH            0x0000000008004000 0x000000000007c000 xr
RAM              0x0000000020000000 0x0000000000018000 xrw
SRAM2            0x0000000010000000 0x0000000000008000 xrw
*default*        0x0000000000000000 0xffffffffffffffff

Linker script and memory map

LOAD c:/st/stm32cubeide_1.10.1/stm32cubeide/plugins/com.st.stm32cube.ide.mcu.externaltools.gnu-tools-for-stm32.10.3-2021.10.win32_1.0.0.202111181127/tools/bin/../lib/gcc/arm-none-eabi/10.3.1/thumb/v7e-m+fp/softfp/crti.o
LOAD c:/st/stm32cubeide_1.10.1/stm32cubeide/plugins/com.st.stm32cube.ide.mcu.externaltools.gnu-tools-for-stm32.10.3-2021.10.win32_1.0.0.202111181127/tools/bin/../lib/gcc/arm-none-eabi/10.3.1/thumb/v7e-m+fp/softfp/crtbegin.o
LOAD c:/st/stm32cubeide_1.10.1/stm32cubeide/plugins/com.st.stm32cube.ide.mcu.externaltools.gnu-tools-for-stm32.10.3-2021.10.win32_1.0.0.202111181127/tools/bin/../lib/gcc/arm-none-eabi/10.3.1/../../../../arm-none-eabi/lib/thumb/v7e-m+fp/softfp/crt0.o
LOAD ./Application/Startup/startup_stm32l476xx.o
LOAD ./Application/User/sensor_service.o
LOAD ./Application/User/hci_tl_interface.o
LOAD ./Application/User/main.o
LOAD ./Application/User/stm32l4xx_hal_msp.o
LOAD ./Application/User/stm32l4xx_it.o
LOAD ./Application/User/syscalls.o
LOAD ./Application/User/sysmem.o
LOAD ./Application/User/usbd_cdc_interface.o
LOAD ./Application/User/usbd_conf.o
LOAD ./Application/User/usbd_desc.o
LOAD ./Drivers/BSP/SensorTile/SensorTile.o
LOAD ./Drivers/BSP/SensorTile/SensorTile_bus.o
LOAD ./Drivers/CMSIS/system_stm32l4xx.o
LOAD ./Drivers/STM32L4xx_HAL_Driver/stm32l4xx_hal.o
LOAD ./Drivers/STM32L4xx_HAL_Driver/stm32l4xx_hal_adc.o
LOAD ./Drivers/STM32L4xx_HAL_Driver/stm32l4xx_hal_adc_ex.o
LOAD ./Drivers/STM32L4xx_HAL_Driver/stm32l4xx_hal_cortex.o
LOAD ./Drivers/STM32L4xx_HAL_Driver/stm32l4xx_hal_crc.o
LOAD ./Drivers/STM32L4xx_HAL_Driver/stm32l4xx_hal_crc_ex.o
LOAD ./Drivers/STM32L4xx_HAL_Driver/stm32l4xx_hal_dfsdm.o
LOAD ./Drivers/STM32L4xx_HAL_Driver/stm32l4xx_hal_dma.o
LOAD ./Drivers/STM32L4xx_HAL_Driver/stm32l4xx_hal_flash.o
LOAD ./Drivers/STM32L4xx_HAL_Driver/stm32l4xx_hal_flash_ex.o
LOAD ./Drivers/STM32L4xx_HAL_Driver/stm32l4xx_hal_gpio.o
LOAD ./Drivers/STM32L4xx_HAL_Driver/stm32l4xx_hal_i2c.o
LOAD ./Drivers/STM32L4xx_HAL_Driver/stm32l4xx_hal_i2c_ex.o
LOAD ./Drivers/STM32L4xx_HAL_Driver/stm32l4xx_hal_pcd.o
LOAD ./Drivers/STM32L4xx_HAL_Driver/stm32l4xx_hal_pcd_ex.o
LOAD ./Drivers/STM32L4xx_HAL_Driver/stm32l4xx_hal_pwr.o
LOAD ./Drivers/STM32L4xx_HAL_Driver/stm32l4xx_hal_pwr_ex.o
LOAD ./Drivers/STM32L4xx_HAL_Driver/stm32l4xx_hal_rcc.o
LOAD ./Drivers/STM32L4xx_HAL_Driver/stm32l4xx_hal_rcc_ex.o
LOAD ./Drivers/STM32L4xx_HAL_Driver/stm32l4xx_hal_rtc.o
LOAD ./Drivers/STM32L4xx_HAL_Driver/stm32l4xx_hal_rtc_ex.o
LOAD ./Drivers/STM32L4xx_HAL_Driver/stm32l4xx_hal_sai.o
LOAD ./Drivers/STM32L4xx_HAL_Driver/stm32l4xx_hal_sai_ex.o
LOAD ./Drivers/STM32L4xx_HAL_Driver/stm32l4xx_hal_spi.o
LOAD ./Drivers/STM32L4xx_HAL_Driver/stm32l4xx_hal_spi_ex.o
LOAD ./Drivers/STM32L4xx_HAL_Driver/stm32l4xx_hal_tim.o
LOAD ./Drivers/STM32L4xx_HAL_Driver/stm32l4xx_hal_tim_ex.o
LOAD ./Drivers/STM32L4xx_HAL_Driver/stm32l4xx_hal_uart.o
LOAD ./Drivers/STM32L4xx_HAL_Driver/stm32l4xx_hal_uart_ex.o
LOAD ./Drivers/STM32L4xx_HAL_Driver/stm32l4xx_ll_usb.o
LOAD ./Middlewares/BlueNRG-MS/HCI/Controller/bluenrg_gap_aci.o
LOAD ./Middlewares/BlueNRG-MS/HCI/Controller/bluenrg_gatt_aci.o
LOAD ./Middlewares/BlueNRG-MS/HCI/Controller/bluenrg_hal_aci.o
LOAD ./Middlewares/BlueNRG-MS/HCI/Controller/bluenrg_l2cap_aci.o
LOAD ./Middlewares/BlueNRG-MS/HCI/Controller/bluenrg_utils_small.o
LOAD ./Middlewares/BlueNRG-MS/HCI/hci_le.o
LOAD ./Middlewares/BlueNRG-MS/HCI/hci_tl_patterns/Basic/hci_tl.o
LOAD ./Middlewares/BlueNRG-MS/Utils/ble_list.o
LOAD ./Middlewares/STM32_USBD_Library/Class/CDC/usbd_cdc.o
LOAD ./Middlewares/STM32_USBD_Library/Core/usbd_core.o
LOAD ./Middlewares/STM32_USBD_Library/Core/usbd_ctlreq.o
LOAD ./Middlewares/STM32_USBD_Library/Core/usbd_ioreq.o
START GROUP
LOAD c:/st/stm32cubeide_1.10.1/stm32cubeide/plugins/com.st.stm32cube.ide.mcu.externaltools.gnu-tools-for-stm32.10.3-2021.10.win32_1.0.0.202111181127/tools/bin/../lib/gcc/arm-none-eabi/10.3.1/../../../../arm-none-eabi/lib/thumb/v7e-m+fp/softfp\libstdc++_nano.a
LOAD c:/st/stm32cubeide_1.10.1/stm32cubeide/plugins/com.st.stm32cube.ide.mcu.externaltools.gnu-tools-for-stm32.10.3-2021.10.win32_1.0.0.202111181127/tools/bin/../lib/gcc/arm-none-eabi/10.3.1/../../../../arm-none-eabi/lib/thumb/v7e-m+fp/softfp\libsupc++_nano.a
END GROUP
LOAD c:/st/stm32cubeide_1.10.1/stm32cubeide/plugins/com.st.stm32cube.ide.mcu.externaltools.gnu-tools-for-stm32.10.3-2021.10.win32_1.0.0.202111181127/tools/bin/../lib/gcc/arm-none-eabi/10.3.1/../../../../arm-none-eabi/lib/thumb/v7e-m+fp/softfp\libstdc++_nano.a
LOAD c:/st/stm32cubeide_1.10.1/stm32cubeide/plugins/com.st.stm32cube.ide.mcu.externaltools.gnu-tools-for-stm32.10.3-2021.10.win32_1.0.0.202111181127/tools/bin/../lib/gcc/arm-none-eabi/10.3.1/../../../../arm-none-eabi/lib/thumb/v7e-m+fp/softfp\libm.a
LOAD c:/st/stm32cubeide_1.10.1/stm32cubeide/plugins/com.st.stm32cube.ide.mcu.externaltools.gnu-tools-for-stm32.10.3-2021.10.win32_1.0.0.202111181127/tools/bin/../lib/gcc/arm-none-eabi/10.3.1/../../../../arm-none-eabi/lib/thumb/v7e-m+fp/softfp\libc_nano.a
START GROUP
LOAD c:/st/stm32cubeide_1.10.1/stm32cubeide/plugins/com.st.stm32cube.ide.mcu.externaltools.gnu-tools-for-stm32.10.3-2021.10.win32_1.0.0.202111181127/tools/bin/../lib/gcc/arm-none-eabi/10.3.1/thumb/v7e-m+fp/softfp\libgcc.a
LOAD c:/st/stm32cubeide_1.10.1/stm32cubeide/plugins/com.st.stm32cube.ide.mcu.externaltools.gnu-tools-for-stm32.10.3-2021.10.win32_1.0.0.202111181127/tools/bin/../lib/gcc/arm-none-eabi/10.3.1/../../../../arm-none-eabi/lib/thumb/v7e-m+fp/softfp\libc_nano.a
END GROUP
START GROUP
LOAD c:/st/stm32cubeide_1.10.1/stm32cubeide/plugins/com.st.stm32cube.ide.mcu.externaltools.gnu-tools-for-stm32.10.3-2021.10.win32_1.0.0.202111181127/tools/bin/../lib/gcc/arm-none-eabi/10.3.1/thumb/v7e-m+fp/softfp\libgcc.a
LOAD c:/st/stm32cubeide_1.10.1/stm32cubeide/plugins/com.st.stm32cube.ide.mcu.externaltools.gnu-tools-for-stm32.10.3-2021.10.win32_1.0.0.202111181127/tools/bin/../lib/gcc/arm-none-eabi/10.3.1/../../../../arm-none-eabi/lib/thumb/v7e-m+fp/softfp\libc_nano.a
END GROUP
LOAD c:/st/stm32cubeide_1.10.1/stm32cubeide/plugins/com.st.stm32cube.ide.mcu.externaltools.gnu-tools-for-stm32.10.3-2021.10.win32_1.0.0.202111181127/tools/bin/../lib/gcc/arm-none-eabi/10.3.1/thumb/v7e-m+fp/softfp/crtend.o
LOAD c:/st/stm32cubeide_1.10.1/stm32cubeide/plugins/com.st.stm32cube.ide.mcu.externaltools.gnu-tools-for-stm32.10.3-2021.10.win32_1.0.0.202111181127/tools/bin/../lib/gcc/arm-none-eabi/10.3.1/thumb/v7e-m+fp/softfp/crtn.o
                0x0000000020018000                _estack = 0x20018000
                0x0000000000001000                _Min_Heap_Size = 0x1000
                0x0000000000002000                _Min_Stack_Size = 0x2000

.isr_vector     0x0000000008004000      0x188
                0x0000000008004000                . = ALIGN (0x8)
 *(.isr_vector)
 .isr_vector    0x0000000008004000      0x188 ./Application/Startup/startup_stm32l476xx.o
                0x0000000008004000                g_pfnVectors
                0x0000000008004188                . = ALIGN (0x8)

.text           0x0000000008004190     0x8408
                0x0000000008004190                . = ALIGN (0x8)
 *(.text)
 .text          0x0000000008004190       0x40 c:/st/stm32cubeide_1.10.1/stm32cubeide/plugins/com.st.stm32cube.ide.mcu.externaltools.gnu-tools-for-stm32.10.3-2021.10.win32_1.0.0.202111181127/tools/bin/../lib/gcc/arm-none-eabi/10.3.1/thumb/v7e-m+fp/softfp/crtbegin.o
 .text          0x00000000080041d0       0xa0 c:/st/stm32cubeide_1.10.1/stm32cubeide/plugins/com.st.stm32cube.ide.mcu.externaltools.gnu-tools-for-stm32.10.3-2021.10.win32_1.0.0.202111181127/tools/bin/../lib/gcc/arm-none-eabi/10.3.1/../../../../arm-none-eabi/lib/thumb/v7e-m+fp/softfp\libc_nano.a(lib_a-memchr.o)
                0x00000000080041d0                memchr
 .text          0x0000000008004270      0x254 c:/st/stm32cubeide_1.10.1/stm32cubeide/plugins/com.st.stm32cube.ide.mcu.externaltools.gnu-tools-for-stm32.10.3-2021.10.win32_1.0.0.202111181127/tools/bin/../lib/gcc/arm-none-eabi/10.3.1/thumb/v7e-m+fp/softfp\libgcc.a(_arm_muldf3.o)
                0x0000000008004270                __muldf3
                0x0000000008004270                __aeabi_dmul
 .text          0x00000000080044c4      0x378 c:/st/stm32cubeide_1.10.1/stm32cubeide/plugins/com.st.stm32cube.ide.mcu.externaltools.gnu-tools-for-stm32.10.3-2021.10.win32_1.0.0.202111181127/tools/bin/../lib/gcc/arm-none-eabi/10.3.1/thumb/v7e-m+fp/softfp\libgcc.a(_arm_addsubdf3.o)
                0x00000000080044c4                __aeabi_drsub
                0x00000000080044cc                __aeabi_dsub
                0x00000000080044cc                __subdf3
                0x00000000080044d0                __aeabi_dadd
                0x00000000080044d0                __adddf3
                0x0000000008004748                __floatunsidf
                0x0000000008004748                __aeabi_ui2d
                0x0000000008004768                __floatsidf
                0x0000000008004768                __aeabi_i2d
                0x000000000800478c                __aeabi_f2d
                0x000000000800478c                __extendsfdf2
                0x00000000080047d0                __floatundidf
                0x00000000080047d0                __aeabi_ul2d
                0x00000000080047e0                __floatdidf
                0x00000000080047e0                __aeabi_l2d
 .text          0x000000000800483c       0x50 c:/st/stm32cubeide_1.10.1/stm32cubeide/plugins/com.st.stm32cube.ide.mcu.externaltools.gnu-tools-for-stm32.10.3-2021.10.win32_1.0.0.202111181127/tools/bin/../lib/gcc/arm-none-eabi/10.3.1/thumb/v7e-m+fp/softfp\libgcc.a(_arm_fixdfsi.o)
                0x000000000800483c                __aeabi_d2iz
                0x000000000800483c                __fixdfsi
 *(.text*)
 .text.Reset_Handler
                0x000000000800488c       0x50 ./Application/Startup/startup_stm32l476xx.o
                0x000000000800488c                Reset_Handler
 .text.Default_Handler
                0x00000000080048dc        0x2 ./Application/Startup/startup_stm32l476xx.o
                0x00000000080048dc                RTC_Alarm_IRQHandler
                0x00000000080048dc                TIM8_TRG_COM_IRQHandler
                0x00000000080048dc                TIM8_CC_IRQHandler
                0x00000000080048dc                TSC_IRQHandler
                0x00000000080048dc                TAMP_STAMP_IRQHandler
                0x00000000080048dc                LPTIM2_IRQHandler
                0x00000000080048dc                DFSDM1_FLT1_IRQHandler
                0x00000000080048dc                I2C3_ER_IRQHandler
                0x00000000080048dc                DFSDM1_FLT2_IRQHandler
                0x00000000080048dc                EXTI0_IRQHandler
                0x00000000080048dc                I2C2_EV_IRQHandler
                0x00000000080048dc                CAN1_RX0_IRQHandler
                0x00000000080048dc                FPU_IRQHandler
                0x00000000080048dc                TIM1_UP_TIM16_IRQHandler
                0x00000000080048dc                ADC1_2_IRQHandler
                0x00000000080048dc                SPI1_IRQHandler
                0x00000000080048dc                TIM6_DAC_IRQHandler
                0x00000000080048dc                DMA2_Channel2_IRQHandler
                0x00000000080048dc                DMA1_Channel4_IRQHandler
                0x00000000080048dc                SAI2_IRQHandler
                0x00000000080048dc                DFSDM1_FLT3_IRQHandler
                0x00000000080048dc                USART3_IRQHandler
                0x00000000080048dc                DMA1_Channel7_IRQHandler
                0x00000000080048dc                CAN1_RX1_IRQHandler
                0x00000000080048dc                LCD_IRQHandler
                0x00000000080048dc                UART5_IRQHandler
                0x00000000080048dc                ADC3_IRQHandler
                0x00000000080048dc                DMA2_Channel1_IRQHandler
                0x00000000080048dc                QUADSPI_IRQHandler
                0x00000000080048dc                I2C1_EV_IRQHandler
                0x00000000080048dc                DMA1_Channel6_IRQHandler
                0x00000000080048dc                UART4_IRQHandler
                0x00000000080048dc                DMA2_Channel4_IRQHandler
                0x00000000080048dc                TIM3_IRQHandler
                0x00000000080048dc                RCC_IRQHandler
                0x00000000080048dc                DMA1_Channel1_IRQHandler
                0x00000000080048dc                Default_Handler
                0x00000000080048dc                DMA2_Channel7_IRQHandler
                0x00000000080048dc                EXTI15_10_IRQHandler
                0x00000000080048dc                TIM7_IRQHandler
                0x00000000080048dc                SDMMC1_IRQHandler
                0x00000000080048dc                I2C3_EV_IRQHandler
                0x00000000080048dc                RTC_WKUP_IRQHandler
                0x00000000080048dc                PVD_PVM_IRQHandler
                0x00000000080048dc                SPI2_IRQHandler
                0x00000000080048dc                CAN1_TX_IRQHandler
                0x00000000080048dc                DMA2_Channel5_IRQHandler
                0x00000000080048dc                DMA1_Channel5_IRQHandler
                0x00000000080048dc                EXTI4_IRQHandler
                0x00000000080048dc                RNG_IRQHandler
                0x00000000080048dc                TIM1_TRG_COM_TIM17_IRQHandler
                0x00000000080048dc                DMA1_Channel3_IRQHandler
                0x00000000080048dc                COMP_IRQHandler
                0x00000000080048dc                WWDG_IRQHandler
                0x00000000080048dc                LPUART1_IRQHandler
                0x00000000080048dc                DMA2_Channel6_IRQHandler
                0x00000000080048dc                TIM2_IRQHandler
                0x00000000080048dc                EXTI1_IRQHandler
                0x00000000080048dc                USART2_IRQHandler
                0x00000000080048dc                DFSDM1_FLT0_IRQHandler
                0x00000000080048dc                I2C2_ER_IRQHandler
                0x00000000080048dc                DMA1_Channel2_IRQHandler
                0x00000000080048dc                TIM8_BRK_IRQHandler
                0x00000000080048dc                CAN1_SCE_IRQHandler
                0x00000000080048dc                FLASH_IRQHandler
                0x00000000080048dc                USART1_IRQHandler
                0x00000000080048dc                SPI3_IRQHandler
                0x00000000080048dc                I2C1_ER_IRQHandler
                0x00000000080048dc                FMC_IRQHandler
                0x00000000080048dc                SWPMI1_IRQHandler
                0x00000000080048dc                LPTIM1_IRQHandler
                0x00000000080048dc                SAI1_IRQHandler
                0x00000000080048dc                DMA2_Channel3_IRQHandler
                0x00000000080048dc                TIM1_BRK_TIM15_IRQHandler
 *fill*         0x00000000080048de        0x2 
 .text.GAP_ConnectionComplete_CB
                0x00000000080048e0       0x18 ./Application/User/sensor_service.o
 .text.AccGyroMag_AttributeModified_CB
                0x00000000080048f8       0x90 ./Application/User/sensor_service.o
 .text.GAP_DisconnectionComplete_CB
                0x0000000008004988       0x5c ./Application/User/sensor_service.o
 .text.safe_aci_gatt_update_char_value
                0x00000000080049e4       0x30 ./Application/User/sensor_service.o
                0x00000000080049e4                safe_aci_gatt_update_char_value
 .text.Add_HW_SW_ServW2ST_Service
                0x0000000008004a14      0x140 ./Application/User/sensor_service.o
                0x0000000008004a14                Add_HW_SW_ServW2ST_Service
 .text.AccGyroMag_Update
                0x0000000008004b54       0xf8 ./Application/User/sensor_service.o
                0x0000000008004b54                AccGyroMag_Update
 .text.setConnectable
                0x0000000008004c4c       0xf0 ./Application/User/sensor_service.o
                0x0000000008004c4c                setConnectable
 .text.Read_Request_CB
                0x0000000008004d3c       0x14 ./Application/User/sensor_service.o
                0x0000000008004d3c                Read_Request_CB
 .text.Attribute_Modified_CB
                0x0000000008004d50       0x1c ./Application/User/sensor_service.o
                0x0000000008004d50                Attribute_Modified_CB
 .text.HCI_Event_CB
                0x0000000008004d6c       0x84 ./Application/User/sensor_service.o
                0x0000000008004d6c                HCI_Event_CB
 .text.HCI_TL_SPI_Init
                0x0000000008004df0       0xcc ./Application/User/hci_tl_interface.o
                0x0000000008004df0                HCI_TL_SPI_Init
 .text.HCI_TL_SPI_DeInit
                0x0000000008004ebc       0x2c ./Application/User/hci_tl_interface.o
                0x0000000008004ebc                HCI_TL_SPI_DeInit
 .text.HCI_TL_SPI_Reset
                0x0000000008004ee8       0x2c ./Application/User/hci_tl_interface.o
                0x0000000008004ee8                HCI_TL_SPI_Reset
 .text.HCI_TL_SPI_Receive
                0x0000000008004f14       0x8c ./Application/User/hci_tl_interface.o
                0x0000000008004f14                HCI_TL_SPI_Receive
 .text.HCI_TL_SPI_Send
                0x0000000008004fa0       0x88 ./Application/User/hci_tl_interface.o
                0x0000000008004fa0                HCI_TL_SPI_Send
 .text.IsDataAvailable
                0x0000000008005028       0x18 ./Application/User/hci_tl_interface.o
 .text.hci_tl_lowlevel_init
                0x0000000008005040       0x50 ./Application/User/hci_tl_interface.o
                0x0000000008005040                hci_tl_lowlevel_init
 .text.hci_tl_lowlevel_isr
                0x0000000008005090       0x14 ./Application/User/hci_tl_interface.o
                0x0000000008005090                hci_tl_lowlevel_isr
 .text.SystemClock_Config
                0x00000000080050a4       0xd4 ./Application/User/main.o
 .text.BSP_LSM303AGR_WriteReg_Acc
                0x0000000008005178       0x54 ./Application/User/main.o
 .text.startAcc
                0x00000000080051cc       0x48 ./Application/User/main.o
 .text.BSP_LSM303AGR_WriteReg_Mag
                0x0000000008005214       0x54 ./Application/User/main.o
 .text.startMag
                0x0000000008005268       0x1a ./Application/User/main.o
 *fill*         0x0000000008005282        0x2 
 .text.Init_BlueNRG_Stack
                0x0000000008005284      0x1e0 ./Application/User/main.o
 .text.Init_BlueNRG_Custom_Services
                0x0000000008005464       0x5c ./Application/User/main.o
 .text.SendMotionData
                0x00000000080054c0       0x18 ./Application/User/main.o
 .text.fs_2g_to_mg
                0x00000000080054d8       0x28 ./Application/User/main.o
                0x00000000080054d8                fs_2g_to_mg
 .text.HAL_TIM_OC_DelayElapsedCallback
                0x0000000008005500       0x2c ./Application/User/main.o
                0x0000000008005500                HAL_TIM_OC_DelayElapsedCallback
 .text.HAL_TIM_PeriodElapsedCallback
                0x000000000800552c       0x28 ./Application/User/main.o
                0x000000000800552c                HAL_TIM_PeriodElapsedCallback
 .text.Sensor_IO_SPI_CS_Init_All
                0x0000000008005554      0x1dc ./Application/User/main.o
                0x0000000008005554                Sensor_IO_SPI_CS_Init_All
 .text.LSM303AGR_SPI_Read_nBytes
                0x0000000008005730       0x5a ./Application/User/main.o
                0x0000000008005730                LSM303AGR_SPI_Read_nBytes
 .text.LSM303AGR_SPI_Read
                0x000000000800578a       0x3a ./Application/User/main.o
                0x000000000800578a                LSM303AGR_SPI_Read
 .text.LSM303AGR_SPI_Write
                0x00000000080057c4       0x20 ./Application/User/main.o
                0x00000000080057c4                LSM303AGR_SPI_Write
 .text.BSP_LSM303AGR_ReadReg_Mag
                0x00000000080057e4       0x78 ./Application/User/main.o
 .text.readMag  0x000000000800585c       0xd8 ./Application/User/main.o
 .text.BSP_LSM303AGR_ReadReg_Acc
                0x0000000008005934       0x88 ./Application/User/main.o
 .text.InitLSM  0x00000000080059bc       0x78 ./Application/User/main.o
 .text.readAcc  0x0000000008005a34       0xac ./Application/User/main.o
 .text.HAL_Delay
                0x0000000008005ae0       0x20 ./Application/User/main.o
                0x0000000008005ae0                HAL_Delay
 .text.InitTargetPlatform
                0x0000000008005b00       0x4c ./Application/User/main.o
 .text.Error_Handler
                0x0000000008005b4c        0x2 ./Application/User/main.o
                0x0000000008005b4c                Error_Handler
 *fill*         0x0000000008005b4e        0x2 
 .text.InitTimers
                0x0000000008005b50       0xd8 ./Application/User/main.o
 .text.main     0x0000000008005c28       0xfc ./Application/User/main.o
                0x0000000008005c28                main
 .text.HAL_GPIO_EXTI_Callback
                0x0000000008005d24       0x1c ./Application/User/main.o
                0x0000000008005d24                HAL_GPIO_EXTI_Callback
 .text.HAL_PCD_MspInit
                0x0000000008005d40       0x64 ./Application/User/stm32l4xx_hal_msp.o
                0x0000000008005d40                HAL_PCD_MspInit
 .text.HAL_TIM_Base_MspInit
                0x0000000008005da4       0x70 ./Application/User/stm32l4xx_hal_msp.o
                0x0000000008005da4                HAL_TIM_Base_MspInit
 .text.HAL_TIM_OC_MspInit
                0x0000000008005e14       0x34 ./Application/User/stm32l4xx_hal_msp.o
                0x0000000008005e14                HAL_TIM_OC_MspInit
 .text.NMI_Handler
                0x0000000008005e48        0x2 ./Application/User/stm32l4xx_it.o
                0x0000000008005e48                NMI_Handler
 .text.HardFault_Handler
                0x0000000008005e4a        0x2 ./Application/User/stm32l4xx_it.o
                0x0000000008005e4a                HardFault_Handler
 .text.MemManage_Handler
                0x0000000008005e4c        0x2 ./Application/User/stm32l4xx_it.o
                0x0000000008005e4c                MemManage_Handler
 .text.BusFault_Handler
                0x0000000008005e4e        0x2 ./Application/User/stm32l4xx_it.o
                0x0000000008005e4e                BusFault_Handler
 .text.UsageFault_Handler
                0x0000000008005e50        0x2 ./Application/User/stm32l4xx_it.o
                0x0000000008005e50                UsageFault_Handler
 .text.SVC_Handler
                0x0000000008005e52        0x2 ./Application/User/stm32l4xx_it.o
                0x0000000008005e52                SVC_Handler
 .text.DebugMon_Handler
                0x0000000008005e54        0x2 ./Application/User/stm32l4xx_it.o
                0x0000000008005e54                DebugMon_Handler
 .text.PendSV_Handler
                0x0000000008005e56        0x2 ./Application/User/stm32l4xx_it.o
                0x0000000008005e56                PendSV_Handler
 .text.SysTick_Handler
                0x0000000008005e58        0x8 ./Application/User/stm32l4xx_it.o
                0x0000000008005e58                SysTick_Handler
 .text.TIM4_IRQHandler
                0x0000000008005e60       0x10 ./Application/User/stm32l4xx_it.o
                0x0000000008005e60                TIM4_IRQHandler
 .text.TIM5_IRQHandler
                0x0000000008005e70        0x2 ./Application/User/stm32l4xx_it.o
                0x0000000008005e70                TIM5_IRQHandler
 *fill*         0x0000000008005e72        0x2 
 .text.TIM1_CC_IRQHandler
                0x0000000008005e74       0x10 ./Application/User/stm32l4xx_it.o
                0x0000000008005e74                TIM1_CC_IRQHandler
 .text.EXTI3_IRQHandler
                0x0000000008005e84        0xa ./Application/User/stm32l4xx_it.o
                0x0000000008005e84                EXTI3_IRQHandler
 .text.EXTI9_5_IRQHandler
                0x0000000008005e8e        0xa ./Application/User/stm32l4xx_it.o
                0x0000000008005e8e                EXTI9_5_IRQHandler
 .text.EXTI2_IRQHandler
                0x0000000008005e98        0x2 ./Application/User/stm32l4xx_it.o
                0x0000000008005e98                EXTI2_IRQHandler
 *fill*         0x0000000008005e9a        0x2 
 .text.OTG_FS_IRQHandler
                0x0000000008005e9c       0x10 ./Application/User/stm32l4xx_it.o
                0x0000000008005e9c                OTG_FS_IRQHandler
 .text.TIM8_UP_IRQHandler
                0x0000000008005eac       0x10 ./Application/User/stm32l4xx_it.o
                0x0000000008005eac                TIM8_UP_IRQHandler
 .text._sbrk    0x0000000008005ebc       0x48 ./Application/User/sysmem.o
                0x0000000008005ebc                _sbrk
 .text.CDC_Itf_DeInit
                0x0000000008005f04        0x4 ./Application/User/usbd_cdc_interface.o
 .text.CDC_Itf_Control
                0x0000000008005f08       0x58 ./Application/User/usbd_cdc_interface.o
 .text.CDC_Itf_Receive
                0x0000000008005f60        0x4 ./Application/User/usbd_cdc_interface.o
 .text.CDC_TIM_Config
                0x0000000008005f64       0x30 ./Application/User/usbd_cdc_interface.o
 .text.CDC_Itf_Init
                0x0000000008005f94       0x68 ./Application/User/usbd_cdc_interface.o
 .text.CDC_Fill_Buffer
                0x0000000008005ffc       0x40 ./Application/User/usbd_cdc_interface.o
                0x0000000008005ffc                CDC_Fill_Buffer
 .text.CDC_TIM_PeriodElapsedCallback
                0x000000000800603c       0x58 ./Application/User/usbd_cdc_interface.o
                0x000000000800603c                CDC_TIM_PeriodElapsedCallback
 .text.HAL_PCD_SetupStageCallback
                0x0000000008006094       0x10 ./Application/User/usbd_conf.o
                0x0000000008006094                HAL_PCD_SetupStageCallback
 .text.HAL_PCD_DataOutStageCallback
                0x00000000080060a4       0x18 ./Application/User/usbd_conf.o
                0x00000000080060a4                HAL_PCD_DataOutStageCallback
 .text.HAL_PCD_DataInStageCallback
                0x00000000080060bc       0x16 ./Application/User/usbd_conf.o
                0x00000000080060bc                HAL_PCD_DataInStageCallback
 .text.HAL_PCD_SOFCallback
                0x00000000080060d2        0xc ./Application/User/usbd_conf.o
                0x00000000080060d2                HAL_PCD_SOFCallback
 .text.HAL_PCD_ResetCallback
                0x00000000080060de       0x18 ./Application/User/usbd_conf.o
                0x00000000080060de                HAL_PCD_ResetCallback
 .text.HAL_PCD_SuspendCallback
                0x00000000080060f6        0xc ./Application/User/usbd_conf.o
                0x00000000080060f6                HAL_PCD_SuspendCallback
 .text.HAL_PCD_ResumeCallback
                0x0000000008006102        0xc ./Application/User/usbd_conf.o
                0x0000000008006102                HAL_PCD_ResumeCallback
 .text.HAL_PCD_ISOOUTIncompleteCallback
                0x000000000800610e        0xc ./Application/User/usbd_conf.o
                0x000000000800610e                HAL_PCD_ISOOUTIncompleteCallback
 .text.HAL_PCD_ISOINIncompleteCallback
                0x000000000800611a        0xc ./Application/User/usbd_conf.o
                0x000000000800611a                HAL_PCD_ISOINIncompleteCallback
 .text.HAL_PCD_ConnectCallback
                0x0000000008006126        0xc ./Application/User/usbd_conf.o
                0x0000000008006126                HAL_PCD_ConnectCallback
 .text.HAL_PCD_DisconnectCallback
                0x0000000008006132        0xc ./Application/User/usbd_conf.o
                0x0000000008006132                HAL_PCD_DisconnectCallback
 *fill*         0x000000000800613e        0x2 
 .text.USBD_LL_Init
                0x0000000008006140       0x5c ./Application/User/usbd_conf.o
                0x0000000008006140                USBD_LL_Init
 .text.USBD_LL_Start
                0x000000000800619c        0xe ./Application/User/usbd_conf.o
                0x000000000800619c                USBD_LL_Start
 .text.USBD_LL_OpenEP
                0x00000000080061aa       0x14 ./Application/User/usbd_conf.o
                0x00000000080061aa                USBD_LL_OpenEP
 .text.USBD_LL_CloseEP
                0x00000000080061be        0xe ./Application/User/usbd_conf.o
                0x00000000080061be                USBD_LL_CloseEP
 .text.USBD_LL_StallEP
                0x00000000080061cc        0xe ./Application/User/usbd_conf.o
                0x00000000080061cc                USBD_LL_StallEP
 .text.USBD_LL_ClearStallEP
                0x00000000080061da        0xe ./Application/User/usbd_conf.o
                0x00000000080061da                USBD_LL_ClearStallEP
 .text.USBD_LL_IsStallEP
                0x00000000080061e8       0x2e ./Application/User/usbd_conf.o
                0x00000000080061e8                USBD_LL_IsStallEP
 .text.USBD_LL_SetUSBAddress
                0x0000000008006216        0xe ./Application/User/usbd_conf.o
                0x0000000008006216                USBD_LL_SetUSBAddress
 .text.USBD_LL_Transmit
                0x0000000008006224        0xe ./Application/User/usbd_conf.o
                0x0000000008006224                USBD_LL_Transmit
 .text.USBD_LL_PrepareReceive
                0x0000000008006232        0xe ./Application/User/usbd_conf.o
                0x0000000008006232                USBD_LL_PrepareReceive
 .text.USBD_LL_GetRxDataSize
                0x0000000008006240        0xc ./Application/User/usbd_conf.o
                0x0000000008006240                USBD_LL_GetRxDataSize
 .text.USBD_VCP_DeviceDescriptor
                0x000000000800624c        0xc ./Application/User/usbd_desc.o
                0x000000000800624c                USBD_VCP_DeviceDescriptor
 .text.USBD_VCP_LangIDStrDescriptor
                0x0000000008006258        0xc ./Application/User/usbd_desc.o
                0x0000000008006258                USBD_VCP_LangIDStrDescriptor
 .text.IntToUnicode
                0x0000000008006264       0x46 ./Application/User/usbd_desc.o
 *fill*         0x00000000080062aa        0x2 
 .text.Get_SerialNum
                0x00000000080062ac       0x38 ./Application/User/usbd_desc.o
 .text.USBD_VCP_SerialStrDescriptor
                0x00000000080062e4       0x14 ./Application/User/usbd_desc.o
                0x00000000080062e4                USBD_VCP_SerialStrDescriptor
 .text.USBD_VCP_ProductStrDescriptor
                0x00000000080062f8       0x1c ./Application/User/usbd_desc.o
                0x00000000080062f8                USBD_VCP_ProductStrDescriptor
 .text.USBD_VCP_ManufacturerStrDescriptor
                0x0000000008006314       0x1c ./Application/User/usbd_desc.o
                0x0000000008006314                USBD_VCP_ManufacturerStrDescriptor
 .text.USBD_VCP_ConfigStrDescriptor
                0x0000000008006330       0x1c ./Application/User/usbd_desc.o
                0x0000000008006330                USBD_VCP_ConfigStrDescriptor
 .text.USBD_VCP_InterfaceStrDescriptor
                0x000000000800634c       0x1c ./Application/User/usbd_desc.o
                0x000000000800634c                USBD_VCP_InterfaceStrDescriptor
 .text.BSP_LED_Init
                0x0000000008006368       0x80 ./Drivers/BSP/SensorTile/SensorTile.o
                0x0000000008006368                BSP_LED_Init
 .text.BSP_LED_Toggle
                0x00000000080063e8       0x1c ./Drivers/BSP/SensorTile/SensorTile.o
                0x00000000080063e8                BSP_LED_Toggle
 .text.SPI2_MspInit
                0x0000000008006404       0x54 ./Drivers/BSP/SensorTile/SensorTile_bus.o
 .text.SPI1_MspInit
                0x0000000008006458       0x54 ./Drivers/BSP/SensorTile/SensorTile_bus.o
 .text.BSP_SPI2_Send
                0x00000000080064ac       0x24 ./Drivers/BSP/SensorTile/SensorTile_bus.o
                0x00000000080064ac                BSP_SPI2_Send
 .text.BSP_SPI1_SendRecv
                0x00000000080064d0       0x2c ./Drivers/BSP/SensorTile/SensorTile_bus.o
                0x00000000080064d0                BSP_SPI1_SendRecv
 .text.BSP_GetTick
                0x00000000080064fc        0x8 ./Drivers/BSP/SensorTile/SensorTile_bus.o
                0x00000000080064fc                BSP_GetTick
 .text.MX_SPI1_Init
                0x0000000008006504       0x44 ./Drivers/BSP/SensorTile/SensorTile_bus.o
                0x0000000008006504                MX_SPI1_Init
 .text.BSP_SPI1_Init
                0x0000000008006548       0x38 ./Drivers/BSP/SensorTile/SensorTile_bus.o
                0x0000000008006548                BSP_SPI1_Init
 .text.MX_SPI2_Init
                0x0000000008006580       0x70 ./Drivers/BSP/SensorTile/SensorTile_bus.o
                0x0000000008006580                MX_SPI2_Init
 .text.BSP_SPI2_Init
                0x00000000080065f0       0x34 ./Drivers/BSP/SensorTile/SensorTile_bus.o
                0x00000000080065f0                BSP_SPI2_Init
 .text.SystemInit
                0x0000000008006624       0x4c ./Drivers/CMSIS/system_stm32l4xx.o
                0x0000000008006624                SystemInit
 .text.HAL_MspInit
                0x0000000008006670        0x2 ./Drivers/STM32L4xx_HAL_Driver/stm32l4xx_hal.o
                0x0000000008006670                HAL_MspInit
 *fill*         0x0000000008006672        0x2 
 .text.HAL_InitTick
                0x0000000008006674       0x4c ./Drivers/STM32L4xx_HAL_Driver/stm32l4xx_hal.o
                0x0000000008006674                HAL_InitTick
 .text.HAL_Init
                0x00000000080066c0       0x1e ./Drivers/STM32L4xx_HAL_Driver/stm32l4xx_hal.o
                0x00000000080066c0                HAL_Init
 *fill*         0x00000000080066de        0x2 
 .text.HAL_IncTick
                0x00000000080066e0       0x18 ./Drivers/STM32L4xx_HAL_Driver/stm32l4xx_hal.o
                0x00000000080066e0                HAL_IncTick
 .text.HAL_GetTick
                0x00000000080066f8        0xc ./Drivers/STM32L4xx_HAL_Driver/stm32l4xx_hal.o
                0x00000000080066f8                HAL_GetTick
 .text.HAL_NVIC_SetPriorityGrouping
                0x0000000008006704       0x24 ./Drivers/STM32L4xx_HAL_Driver/stm32l4xx_hal_cortex.o
                0x0000000008006704                HAL_NVIC_SetPriorityGrouping
 .text.HAL_NVIC_SetPriority
                0x0000000008006728       0x70 ./Drivers/STM32L4xx_HAL_Driver/stm32l4xx_hal_cortex.o
                0x0000000008006728                HAL_NVIC_SetPriority
 .text.HAL_NVIC_EnableIRQ
                0x0000000008006798       0x1c ./Drivers/STM32L4xx_HAL_Driver/stm32l4xx_hal_cortex.o
                0x0000000008006798                HAL_NVIC_EnableIRQ
 .text.HAL_SYSTICK_Config
                0x00000000080067b4       0x28 ./Drivers/STM32L4xx_HAL_Driver/stm32l4xx_hal_cortex.o
                0x00000000080067b4                HAL_SYSTICK_Config
 .text.HAL_GPIO_Init
                0x00000000080067dc      0x1dc ./Drivers/STM32L4xx_HAL_Driver/stm32l4xx_hal_gpio.o
                0x00000000080067dc                HAL_GPIO_Init
 .text.HAL_GPIO_DeInit
                0x00000000080069b8      0x130 ./Drivers/STM32L4xx_HAL_Driver/stm32l4xx_hal_gpio.o
                0x00000000080069b8                HAL_GPIO_DeInit
 .text.HAL_GPIO_ReadPin
                0x0000000008006ae8        0xe ./Drivers/STM32L4xx_HAL_Driver/stm32l4xx_hal_gpio.o
                0x0000000008006ae8                HAL_GPIO_ReadPin
 .text.HAL_GPIO_WritePin
                0x0000000008006af6        0xa ./Drivers/STM32L4xx_HAL_Driver/stm32l4xx_hal_gpio.o
                0x0000000008006af6                HAL_GPIO_WritePin
 .text.HAL_GPIO_TogglePin
                0x0000000008006b00       0x12 ./Drivers/STM32L4xx_HAL_Driver/stm32l4xx_hal_gpio.o
                0x0000000008006b00                HAL_GPIO_TogglePin
 *fill*         0x0000000008006b12        0x2 
 .text.HAL_GPIO_EXTI_IRQHandler
                0x0000000008006b14       0x1c ./Drivers/STM32L4xx_HAL_Driver/stm32l4xx_hal_gpio.o
                0x0000000008006b14                HAL_GPIO_EXTI_IRQHandler
 .text.PCD_WriteEmptyTxFifo
                0x0000000008006b30       0xca ./Drivers/STM32L4xx_HAL_Driver/stm32l4xx_hal_pcd.o
 .text.HAL_PCD_Init
                0x0000000008006bfa      0x13c ./Drivers/STM32L4xx_HAL_Driver/stm32l4xx_hal_pcd.o
                0x0000000008006bfa                HAL_PCD_Init
 .text.HAL_PCD_Start
                0x0000000008006d36       0x3c ./Drivers/STM32L4xx_HAL_Driver/stm32l4xx_hal_pcd.o
                0x0000000008006d36                HAL_PCD_Start
 *fill*         0x0000000008006d72        0x2 
 .text.PCD_EP_OutXfrComplete_int
                0x0000000008006d74       0x44 ./Drivers/STM32L4xx_HAL_Driver/stm32l4xx_hal_pcd.o
 .text.PCD_EP_OutSetupPacket_int
                0x0000000008006db8       0x30 ./Drivers/STM32L4xx_HAL_Driver/stm32l4xx_hal_pcd.o
 .text.HAL_PCD_IRQHandler
                0x0000000008006de8      0x484 ./Drivers/STM32L4xx_HAL_Driver/stm32l4xx_hal_pcd.o
                0x0000000008006de8                HAL_PCD_IRQHandler
 .text.HAL_PCD_SetAddress
                0x000000000800726c       0x28 ./Drivers/STM32L4xx_HAL_Driver/stm32l4xx_hal_pcd.o
                0x000000000800726c                HAL_PCD_SetAddress
 .text.HAL_PCD_EP_Open
                0x0000000008007294       0x8a ./Drivers/STM32L4xx_HAL_Driver/stm32l4xx_hal_pcd.o
                0x0000000008007294                HAL_PCD_EP_Open
 .text.HAL_PCD_EP_Close
                0x000000000800731e       0x72 ./Drivers/STM32L4xx_HAL_Driver/stm32l4xx_hal_pcd.o
                0x000000000800731e                HAL_PCD_EP_Close
 .text.HAL_PCD_EP_Receive
                0x0000000008007390       0x46 ./Drivers/STM32L4xx_HAL_Driver/stm32l4xx_hal_pcd.o
                0x0000000008007390                HAL_PCD_EP_Receive
 .text.HAL_PCD_EP_GetRxCount
                0x00000000080073d6       0x12 ./Drivers/STM32L4xx_HAL_Driver/stm32l4xx_hal_pcd.o
                0x00000000080073d6                HAL_PCD_EP_GetRxCount
 .text.HAL_PCD_EP_Transmit
                0x00000000080073e8       0x46 ./Drivers/STM32L4xx_HAL_Driver/stm32l4xx_hal_pcd.o
                0x00000000080073e8                HAL_PCD_EP_Transmit
 .text.HAL_PCD_EP_SetStall
                0x000000000800742e       0x86 ./Drivers/STM32L4xx_HAL_Driver/stm32l4xx_hal_pcd.o
                0x000000000800742e                HAL_PCD_EP_SetStall
 .text.HAL_PCD_EP_ClrStall
                0x00000000080074b4       0x76 ./Drivers/STM32L4xx_HAL_Driver/stm32l4xx_hal_pcd.o
                0x00000000080074b4                HAL_PCD_EP_ClrStall
 .text.HAL_PCDEx_SetTxFiFo
                0x000000000800752a       0x4c ./Drivers/STM32L4xx_HAL_Driver/stm32l4xx_hal_pcd_ex.o
                0x000000000800752a                HAL_PCDEx_SetTxFiFo
 .text.HAL_PCDEx_SetRxFiFo
                0x0000000008007576        0x8 ./Drivers/STM32L4xx_HAL_Driver/stm32l4xx_hal_pcd_ex.o
                0x0000000008007576                HAL_PCDEx_SetRxFiFo
 .text.HAL_PCDEx_ActivateLPM
                0x000000000800757e       0x26 ./Drivers/STM32L4xx_HAL_Driver/stm32l4xx_hal_pcd_ex.o
                0x000000000800757e                HAL_PCDEx_ActivateLPM
 .text.HAL_PCDEx_LPM_Callback
                0x00000000080075a4        0x2 ./Drivers/STM32L4xx_HAL_Driver/stm32l4xx_hal_pcd_ex.o
                0x00000000080075a4                HAL_PCDEx_LPM_Callback
 *fill*         0x00000000080075a6        0x2 
 .text.HAL_PWR_EnableBkUpAccess
                0x00000000080075a8       0x10 ./Drivers/STM32L4xx_HAL_Driver/stm32l4xx_hal_pwr.o
                0x00000000080075a8                HAL_PWR_EnableBkUpAccess
 .text.HAL_PWREx_GetVoltageRange
                0x00000000080075b8       0x10 ./Drivers/STM32L4xx_HAL_Driver/stm32l4xx_hal_pwr_ex.o
                0x00000000080075b8                HAL_PWREx_GetVoltageRange
 .text.HAL_PWREx_EnableVddUSB
                0x00000000080075c8       0x10 ./Drivers/STM32L4xx_HAL_Driver/stm32l4xx_hal_pwr_ex.o
                0x00000000080075c8                HAL_PWREx_EnableVddUSB
 .text.HAL_PWREx_EnableVddIO2
                0x00000000080075d8       0x10 ./Drivers/STM32L4xx_HAL_Driver/stm32l4xx_hal_pwr_ex.o
                0x00000000080075d8                HAL_PWREx_EnableVddIO2
 .text.RCC_SetFlashLatencyFromMSIRange
                0x00000000080075e8       0x90 ./Drivers/STM32L4xx_HAL_Driver/stm32l4xx_hal_rcc.o
 .text.HAL_RCC_GetSysClockFreq
                0x0000000008007678       0xb4 ./Drivers/STM32L4xx_HAL_Driver/stm32l4xx_hal_rcc.o
                0x0000000008007678                HAL_RCC_GetSysClockFreq
 .text.HAL_RCC_OscConfig
                0x000000000800772c      0x62c ./Drivers/STM32L4xx_HAL_Driver/stm32l4xx_hal_rcc.o
                0x000000000800772c                HAL_RCC_OscConfig
 .text.HAL_RCC_ClockConfig
                0x0000000008007d58      0x15c ./Drivers/STM32L4xx_HAL_Driver/stm32l4xx_hal_rcc.o
                0x0000000008007d58                HAL_RCC_ClockConfig
 .text.HAL_RCC_GetHCLKFreq
                0x0000000008007eb4        0xc ./Drivers/STM32L4xx_HAL_Driver/stm32l4xx_hal_rcc.o
                0x0000000008007eb4                HAL_RCC_GetHCLKFreq
 .text.RCCEx_PLLSAI1_Config
                0x0000000008007ec0      0x170 ./Drivers/STM32L4xx_HAL_Driver/stm32l4xx_hal_rcc_ex.o
 .text.RCCEx_PLLSAI2_Config
                0x0000000008008030      0x14c ./Drivers/STM32L4xx_HAL_Driver/stm32l4xx_hal_rcc_ex.o
 .text.HAL_RCCEx_PeriphCLKConfig
                0x000000000800817c      0x454 ./Drivers/STM32L4xx_HAL_Driver/stm32l4xx_hal_rcc_ex.o
                0x000000000800817c                HAL_RCCEx_PeriphCLKConfig
 .text.HAL_RCCEx_DisableLSECSS
                0x00000000080085d0       0x1c ./Drivers/STM32L4xx_HAL_Driver/stm32l4xx_hal_rcc_ex.o
                0x00000000080085d0                HAL_RCCEx_DisableLSECSS
 .text.HAL_RCCEx_EnableMSIPLLMode
                0x00000000080085ec       0x10 ./Drivers/STM32L4xx_HAL_Driver/stm32l4xx_hal_rcc_ex.o
                0x00000000080085ec                HAL_RCCEx_EnableMSIPLLMode
 .text.SPI_WaitFlagStateUntilTimeout
                0x00000000080085fc       0xd4 ./Drivers/STM32L4xx_HAL_Driver/stm32l4xx_hal_spi.o
 .text.SPI_WaitFifoStateUntilTimeout
                0x00000000080086d0       0xe4 ./Drivers/STM32L4xx_HAL_Driver/stm32l4xx_hal_spi.o
 .text.SPI_EndRxTxTransaction
                0x00000000080087b4       0x62 ./Drivers/STM32L4xx_HAL_Driver/stm32l4xx_hal_spi.o
 .text.HAL_SPI_MspInit
                0x0000000008008816        0x2 ./Drivers/STM32L4xx_HAL_Driver/stm32l4xx_hal_spi.o
                0x0000000008008816                HAL_SPI_MspInit
 .text.HAL_SPI_Init
                0x0000000008008818      0x11c ./Drivers/STM32L4xx_HAL_Driver/stm32l4xx_hal_spi.o
                0x0000000008008818                HAL_SPI_Init
 .text.HAL_SPI_Transmit
                0x0000000008008934      0x234 ./Drivers/STM32L4xx_HAL_Driver/stm32l4xx_hal_spi.o
                0x0000000008008934                HAL_SPI_Transmit
 .text.HAL_SPI_TransmitReceive
                0x0000000008008b68      0x40a ./Drivers/STM32L4xx_HAL_Driver/stm32l4xx_hal_spi.o
                0x0000000008008b68                HAL_SPI_TransmitReceive
 .text.HAL_SPI_GetState
                0x0000000008008f72        0x6 ./Drivers/STM32L4xx_HAL_Driver/stm32l4xx_hal_spi.o
                0x0000000008008f72                HAL_SPI_GetState
 .text.TIM_OC1_SetConfig
                0x0000000008008f78       0xa0 ./Drivers/STM32L4xx_HAL_Driver/stm32l4xx_hal_tim.o
 .text.TIM_OC3_SetConfig
                0x0000000008009018       0x8c ./Drivers/STM32L4xx_HAL_Driver/stm32l4xx_hal_tim.o
 .text.TIM_OC4_SetConfig
                0x00000000080090a4       0x6c ./Drivers/STM32L4xx_HAL_Driver/stm32l4xx_hal_tim.o
 .text.TIM_OC5_SetConfig
                0x0000000008009110       0x68 ./Drivers/STM32L4xx_HAL_Driver/stm32l4xx_hal_tim.o
 .text.TIM_OC6_SetConfig
                0x0000000008009178       0x6c ./Drivers/STM32L4xx_HAL_Driver/stm32l4xx_hal_tim.o
 .text.HAL_TIM_Base_Start_IT
                0x00000000080091e4       0x8c ./Drivers/STM32L4xx_HAL_Driver/stm32l4xx_hal_tim.o
                0x00000000080091e4                HAL_TIM_Base_Start_IT
 .text.HAL_TIM_ReadCapturedValue
                0x0000000008009270       0x32 ./Drivers/STM32L4xx_HAL_Driver/stm32l4xx_hal_tim.o
                0x0000000008009270                HAL_TIM_ReadCapturedValue
 .text.HAL_TIM_IC_CaptureCallback
                0x00000000080092a2        0x2 ./Drivers/STM32L4xx_HAL_Driver/stm32l4xx_hal_tim.o
                0x00000000080092a2                HAL_TIM_IC_CaptureCallback
 .text.HAL_TIM_PWM_PulseFinishedCallback
                0x00000000080092a4        0x2 ./Drivers/STM32L4xx_HAL_Driver/stm32l4xx_hal_tim.o
                0x00000000080092a4                HAL_TIM_PWM_PulseFinishedCallback
 .text.HAL_TIM_TriggerCallback
                0x00000000080092a6        0x2 ./Drivers/STM32L4xx_HAL_Driver/stm32l4xx_hal_tim.o
                0x00000000080092a6                HAL_TIM_TriggerCallback
 .text.HAL_TIM_IRQHandler
                0x00000000080092a8      0x19a ./Drivers/STM32L4xx_HAL_Driver/stm32l4xx_hal_tim.o
                0x00000000080092a8                HAL_TIM_IRQHandler
 *fill*         0x0000000008009442        0x2 
 .text.TIM_Base_SetConfig
                0x0000000008009444       0xc8 ./Drivers/STM32L4xx_HAL_Driver/stm32l4xx_hal_tim.o
                0x0000000008009444                TIM_Base_SetConfig
 .text.HAL_TIM_Base_Init
                0x000000000800950c       0x60 ./Drivers/STM32L4xx_HAL_Driver/stm32l4xx_hal_tim.o
                0x000000000800950c                HAL_TIM_Base_Init
 .text.HAL_TIM_OC_Init
                0x000000000800956c       0x60 ./Drivers/STM32L4xx_HAL_Driver/stm32l4xx_hal_tim.o
                0x000000000800956c                HAL_TIM_OC_Init
 .text.TIM_OC2_SetConfig
                0x00000000080095cc       0x8c ./Drivers/STM32L4xx_HAL_Driver/stm32l4xx_hal_tim.o
                0x00000000080095cc                TIM_OC2_SetConfig
 .text.HAL_TIM_OC_ConfigChannel
                0x0000000008009658       0x6a ./Drivers/STM32L4xx_HAL_Driver/stm32l4xx_hal_tim.o
                0x0000000008009658                HAL_TIM_OC_ConfigChannel
 .text.TIM_CCxChannelCmd
                0x00000000080096c2       0x1e ./Drivers/STM32L4xx_HAL_Driver/stm32l4xx_hal_tim.o
                0x00000000080096c2                TIM_CCxChannelCmd
 .text.HAL_TIM_OC_Start_IT
                0x00000000080096e0      0x1a4 ./Drivers/STM32L4xx_HAL_Driver/stm32l4xx_hal_tim.o
                0x00000000080096e0                HAL_TIM_OC_Start_IT
 .text.HAL_TIM_OC_Stop_IT
                0x0000000008009884      0x100 ./Drivers/STM32L4xx_HAL_Driver/stm32l4xx_hal_tim.o
                0x0000000008009884                HAL_TIM_OC_Stop_IT
 .text.HAL_TIMEx_CommutCallback
                0x0000000008009984        0x2 ./Drivers/STM32L4xx_HAL_Driver/stm32l4xx_hal_tim_ex.o
                0x0000000008009984                HAL_TIMEx_CommutCallback
 .text.HAL_TIMEx_BreakCallback
                0x0000000008009986        0x2 ./Drivers/STM32L4xx_HAL_Driver/stm32l4xx_hal_tim_ex.o
                0x0000000008009986                HAL_TIMEx_BreakCallback
 .text.HAL_TIMEx_Break2Callback
                0x0000000008009988        0x2 ./Drivers/STM32L4xx_HAL_Driver/stm32l4xx_hal_tim_ex.o
                0x0000000008009988                HAL_TIMEx_Break2Callback
 *fill*         0x000000000800998a        0x2 
 .text.USB_CoreReset
                0x000000000800998c       0x3c ./Drivers/STM32L4xx_HAL_Driver/stm32l4xx_ll_usb.o
 .text.USB_CoreInit
                0x00000000080099c8       0x38 ./Drivers/STM32L4xx_HAL_Driver/stm32l4xx_ll_usb.o
                0x00000000080099c8                USB_CoreInit
 .text.USB_SetTurnaroundTime
                0x0000000008009a00       0xe4 ./Drivers/STM32L4xx_HAL_Driver/stm32l4xx_ll_usb.o
                0x0000000008009a00                USB_SetTurnaroundTime
 .text.USB_EnableGlobalInt
                0x0000000008009ae4        0xc ./Drivers/STM32L4xx_HAL_Driver/stm32l4xx_ll_usb.o
                0x0000000008009ae4                USB_EnableGlobalInt
 .text.USB_DisableGlobalInt
                0x0000000008009af0        0xc ./Drivers/STM32L4xx_HAL_Driver/stm32l4xx_ll_usb.o
                0x0000000008009af0                USB_DisableGlobalInt
 .text.USB_SetCurrentMode
                0x0000000008009afc       0x30 ./Drivers/STM32L4xx_HAL_Driver/stm32l4xx_ll_usb.o
                0x0000000008009afc                USB_SetCurrentMode
 .text.USB_FlushTxFifo
                0x0000000008009b2c       0x28 ./Drivers/STM32L4xx_HAL_Driver/stm32l4xx_ll_usb.o
                0x0000000008009b2c                USB_FlushTxFifo
 .text.USB_FlushRxFifo
                0x0000000008009b54       0x24 ./Drivers/STM32L4xx_HAL_Driver/stm32l4xx_ll_usb.o
                0x0000000008009b54                USB_FlushRxFifo
 .text.USB_SetDevSpeed
                0x0000000008009b78        0xe ./Drivers/STM32L4xx_HAL_Driver/stm32l4xx_ll_usb.o
                0x0000000008009b78                USB_SetDevSpeed
 *fill*         0x0000000008009b86        0x2 
 .text.USB_DevInit
                0x0000000008009b88      0x164 ./Drivers/STM32L4xx_HAL_Driver/stm32l4xx_ll_usb.o
                0x0000000008009b88                USB_DevInit
 .text.USB_GetDevSpeed
                0x0000000008009cec       0x1c ./Drivers/STM32L4xx_HAL_Driver/stm32l4xx_ll_usb.o
                0x0000000008009cec                USB_GetDevSpeed
 .text.USB_ActivateEndpoint
                0x0000000008009d08       0x9c ./Drivers/STM32L4xx_HAL_Driver/stm32l4xx_ll_usb.o
                0x0000000008009d08                USB_ActivateEndpoint
 .text.USB_DeactivateEndpoint
                0x0000000008009da4       0xe0 ./Drivers/STM32L4xx_HAL_Driver/stm32l4xx_ll_usb.o
                0x0000000008009da4                USB_DeactivateEndpoint
 .text.USB_EP0StartXfer
                0x0000000008009e84       0xee ./Drivers/STM32L4xx_HAL_Driver/stm32l4xx_ll_usb.o
                0x0000000008009e84                USB_EP0StartXfer
 .text.USB_WritePacket
                0x0000000008009f72       0x2a ./Drivers/STM32L4xx_HAL_Driver/stm32l4xx_ll_usb.o
                0x0000000008009f72                USB_WritePacket
 .text.USB_EPStartXfer
                0x0000000008009f9c      0x1ac ./Drivers/STM32L4xx_HAL_Driver/stm32l4xx_ll_usb.o
                0x0000000008009f9c                USB_EPStartXfer
 .text.USB_ReadPacket
                0x000000000800a148       0x1e ./Drivers/STM32L4xx_HAL_Driver/stm32l4xx_ll_usb.o
                0x000000000800a148                USB_ReadPacket
 .text.USB_EPSetStall
                0x000000000800a166       0x5a ./Drivers/STM32L4xx_HAL_Driver/stm32l4xx_ll_usb.o
                0x000000000800a166                USB_EPSetStall
 .text.USB_EPClearStall
                0x000000000800a1c0       0x5c ./Drivers/STM32L4xx_HAL_Driver/stm32l4xx_ll_usb.o
                0x000000000800a1c0                USB_EPClearStall
 .text.USB_SetDevAddress
                0x000000000800a21c       0x20 ./Drivers/STM32L4xx_HAL_Driver/stm32l4xx_ll_usb.o
                0x000000000800a21c                USB_SetDevAddress
 .text.USB_DevConnect
                0x000000000800a23c       0x1c ./Drivers/STM32L4xx_HAL_Driver/stm32l4xx_ll_usb.o
                0x000000000800a23c                USB_DevConnect
 .text.USB_DevDisconnect
                0x000000000800a258       0x1c ./Drivers/STM32L4xx_HAL_Driver/stm32l4xx_ll_usb.o
                0x000000000800a258                USB_DevDisconnect
 .text.USB_ReadInterrupts
                0x000000000800a274        0x8 ./Drivers/STM32L4xx_HAL_Driver/stm32l4xx_ll_usb.o
                0x000000000800a274                USB_ReadInterrupts
 .text.USB_ReadDevAllOutEpInterrupt
                0x000000000800a27c       0x10 ./Drivers/STM32L4xx_HAL_Driver/stm32l4xx_ll_usb.o
                0x000000000800a27c                USB_ReadDevAllOutEpInterrupt
 .text.USB_ReadDevAllInEpInterrupt
                0x000000000800a28c       0x10 ./Drivers/STM32L4xx_HAL_Driver/stm32l4xx_ll_usb.o
                0x000000000800a28c                USB_ReadDevAllInEpInterrupt
 .text.USB_ReadDevOutEPInterrupt
                0x000000000800a29c       0x12 ./Drivers/STM32L4xx_HAL_Driver/stm32l4xx_ll_usb.o
                0x000000000800a29c                USB_ReadDevOutEPInterrupt
 .text.USB_ReadDevInEPInterrupt
                0x000000000800a2ae       0x28 ./Drivers/STM32L4xx_HAL_Driver/stm32l4xx_ll_usb.o
                0x000000000800a2ae                USB_ReadDevInEPInterrupt
 .text.USB_GetMode
                0x000000000800a2d6        0x8 ./Drivers/STM32L4xx_HAL_Driver/stm32l4xx_ll_usb.o
                0x000000000800a2d6                USB_GetMode
 .text.USB_ActivateSetup
                0x000000000800a2de       0x20 ./Drivers/STM32L4xx_HAL_Driver/stm32l4xx_ll_usb.o
                0x000000000800a2de                USB_ActivateSetup
 *fill*         0x000000000800a2fe        0x2 
 .text.USB_EP0_OutStart
                0x000000000800a300       0x44 ./Drivers/STM32L4xx_HAL_Driver/stm32l4xx_ll_usb.o
                0x000000000800a300                USB_EP0_OutStart
 .text.aci_gap_init_IDB05A1
                0x000000000800a344       0x70 ./Middlewares/BlueNRG-MS/HCI/Controller/bluenrg_gap_aci.o
                0x000000000800a344                aci_gap_init_IDB05A1
 .text.aci_gap_set_discoverable
                0x000000000800a3b4       0xc0 ./Middlewares/BlueNRG-MS/HCI/Controller/bluenrg_gap_aci.o
                0x000000000800a3b4                aci_gap_set_discoverable
 .text.aci_gap_set_auth_requirement
                0x000000000800a474       0x8e ./Middlewares/BlueNRG-MS/HCI/Controller/bluenrg_gap_aci.o
                0x000000000800a474                aci_gap_set_auth_requirement
 .text.aci_gap_update_adv_data
                0x000000000800a502       0x60 ./Middlewares/BlueNRG-MS/HCI/Controller/bluenrg_gap_aci.o
                0x000000000800a502                aci_gap_update_adv_data
 .text.aci_gatt_init
                0x000000000800a562       0x42 ./Middlewares/BlueNRG-MS/HCI/Controller/bluenrg_gatt_aci.o
                0x000000000800a562                aci_gatt_init
 .text.aci_gatt_add_serv
                0x000000000800a5a4       0x8a ./Middlewares/BlueNRG-MS/HCI/Controller/bluenrg_gatt_aci.o
                0x000000000800a5a4                aci_gatt_add_serv
 .text.aci_gatt_add_char
                0x000000000800a62e       0xcc ./Middlewares/BlueNRG-MS/HCI/Controller/bluenrg_gatt_aci.o
                0x000000000800a62e                aci_gatt_add_char
 .text.aci_gatt_update_char_value
                0x000000000800a6fa       0x70 ./Middlewares/BlueNRG-MS/HCI/Controller/bluenrg_gatt_aci.o
                0x000000000800a6fa                aci_gatt_update_char_value
 .text.aci_gatt_allow_read
                0x000000000800a76a       0x4e ./Middlewares/BlueNRG-MS/HCI/Controller/bluenrg_gatt_aci.o
                0x000000000800a76a                aci_gatt_allow_read
 .text.aci_hal_write_config_data
                0x000000000800a7b8       0x66 ./Middlewares/BlueNRG-MS/HCI/Controller/bluenrg_hal_aci.o
                0x000000000800a7b8                aci_hal_write_config_data
 .text.aci_hal_read_config_data
                0x000000000800a81e       0x78 ./Middlewares/BlueNRG-MS/HCI/Controller/bluenrg_hal_aci.o
                0x000000000800a81e                aci_hal_read_config_data
 .text.aci_hal_set_tx_power_level
                0x000000000800a896       0x50 ./Middlewares/BlueNRG-MS/HCI/Controller/bluenrg_hal_aci.o
                0x000000000800a896                aci_hal_set_tx_power_level
 .text.getBlueNRGVersion
                0x000000000800a8e6       0x54 ./Middlewares/BlueNRG-MS/HCI/Controller/bluenrg_utils_small.o
                0x000000000800a8e6                getBlueNRGVersion
 .text.hci_reset
                0x000000000800a93a       0x3e ./Middlewares/BlueNRG-MS/HCI/hci_le.o
                0x000000000800a93a                hci_reset
 .text.hci_le_read_local_version
                0x000000000800a978       0x74 ./Middlewares/BlueNRG-MS/HCI/hci_le.o
                0x000000000800a978                hci_le_read_local_version
 .text.hci_le_set_scan_resp_data
                0x000000000800a9ec       0x6a ./Middlewares/BlueNRG-MS/HCI/hci_le.o
                0x000000000800a9ec                hci_le_set_scan_resp_data
 .text.verify_packet
                0x000000000800aa56       0x1e ./Middlewares/BlueNRG-MS/HCI/hci_tl_patterns/Basic/hci_tl.o
 .text.send_cmd
                0x000000000800aa74       0x48 ./Middlewares/BlueNRG-MS/HCI/hci_tl_patterns/Basic/hci_tl.o
 .text.free_event_list
                0x000000000800aabc       0x34 ./Middlewares/BlueNRG-MS/HCI/hci_tl_patterns/Basic/hci_tl.o
 .text.move_list
                0x000000000800aaf0       0x28 ./Middlewares/BlueNRG-MS/HCI/hci_tl_patterns/Basic/hci_tl.o
 .text.hci_init
                0x000000000800ab18       0x54 ./Middlewares/BlueNRG-MS/HCI/hci_tl_patterns/Basic/hci_tl.o
                0x000000000800ab18                hci_init
 .text.hci_register_io_bus
                0x000000000800ab6c       0x1c ./Middlewares/BlueNRG-MS/HCI/hci_tl_patterns/Basic/hci_tl.o
                0x000000000800ab6c                hci_register_io_bus
 .text.hci_send_req
                0x000000000800ab88      0x154 ./Middlewares/BlueNRG-MS/HCI/hci_tl_patterns/Basic/hci_tl.o
                0x000000000800ab88                hci_send_req
 .text.hci_user_evt_proc
                0x000000000800acdc       0x44 ./Middlewares/BlueNRG-MS/HCI/hci_tl_patterns/Basic/hci_tl.o
                0x000000000800acdc                hci_user_evt_proc
 .text.hci_notify_asynch_evt
                0x000000000800ad20       0x78 ./Middlewares/BlueNRG-MS/HCI/hci_tl_patterns/Basic/hci_tl.o
                0x000000000800ad20                hci_notify_asynch_evt
 .text.list_init_head
                0x000000000800ad98        0x6 ./Middlewares/BlueNRG-MS/Utils/ble_list.o
                0x000000000800ad98                list_init_head
 .text.list_is_empty
                0x000000000800ad9e       0x18 ./Middlewares/BlueNRG-MS/Utils/ble_list.o
                0x000000000800ad9e                list_is_empty
 .text.list_insert_head
                0x000000000800adb6       0x18 ./Middlewares/BlueNRG-MS/Utils/ble_list.o
                0x000000000800adb6                list_insert_head
 .text.list_insert_tail
                0x000000000800adce       0x18 ./Middlewares/BlueNRG-MS/Utils/ble_list.o
                0x000000000800adce                list_insert_tail
 .text.list_remove_node
                0x000000000800ade6       0x16 ./Middlewares/BlueNRG-MS/Utils/ble_list.o
                0x000000000800ade6                list_remove_node
 .text.list_remove_head
                0x000000000800adfc       0x22 ./Middlewares/BlueNRG-MS/Utils/ble_list.o
                0x000000000800adfc                list_remove_head
 .text.list_remove_tail
                0x000000000800ae1e       0x22 ./Middlewares/BlueNRG-MS/Utils/ble_list.o
                0x000000000800ae1e                list_remove_tail
 .text.list_get_size
                0x000000000800ae40       0x1c ./Middlewares/BlueNRG-MS/Utils/ble_list.o
                0x000000000800ae40                list_get_size
 .text.USBD_CDC_EP0_RxReady
                0x000000000800ae5c       0x36 ./Middlewares/STM32_USBD_Library/Class/CDC/usbd_cdc.o
 *fill*         0x000000000800ae92        0x2 
 .text.USBD_CDC_GetFSCfgDesc
                0x000000000800ae94        0xc ./Middlewares/STM32_USBD_Library/Class/CDC/usbd_cdc.o
 .text.USBD_CDC_GetHSCfgDesc
                0x000000000800aea0        0xc ./Middlewares/STM32_USBD_Library/Class/CDC/usbd_cdc.o
 .text.USBD_CDC_GetOtherSpeedCfgDesc
                0x000000000800aeac        0xc ./Middlewares/STM32_USBD_Library/Class/CDC/usbd_cdc.o
 .text.USBD_CDC_GetDeviceQualifierDescriptor
                0x000000000800aeb8        0xc ./Middlewares/STM32_USBD_Library/Class/CDC/usbd_cdc.o
                0x000000000800aeb8                USBD_CDC_GetDeviceQualifierDescriptor
 .text.USBD_CDC_DataOut
                0x000000000800aec4       0x2a ./Middlewares/STM32_USBD_Library/Class/CDC/usbd_cdc.o
 .text.USBD_CDC_DataIn
                0x000000000800aeee       0x6a ./Middlewares/STM32_USBD_Library/Class/CDC/usbd_cdc.o
 .text.USBD_CDC_Setup
                0x000000000800af58       0xf4 ./Middlewares/STM32_USBD_Library/Class/CDC/usbd_cdc.o
 .text.USBD_CDC_DeInit
                0x000000000800b04c       0x48 ./Middlewares/STM32_USBD_Library/Class/CDC/usbd_cdc.o
 .text.USBD_CDC_Init
                0x000000000800b094       0xc2 ./Middlewares/STM32_USBD_Library/Class/CDC/usbd_cdc.o
 .text.USBD_CDC_RegisterInterface
                0x000000000800b156        0xe ./Middlewares/STM32_USBD_Library/Class/CDC/usbd_cdc.o
                0x000000000800b156                USBD_CDC_RegisterInterface
 .text.USBD_CDC_SetTxBuffer
                0x000000000800b164       0x16 ./Middlewares/STM32_USBD_Library/Class/CDC/usbd_cdc.o
                0x000000000800b164                USBD_CDC_SetTxBuffer
 .text.USBD_CDC_SetRxBuffer
                0x000000000800b17a       0x12 ./Middlewares/STM32_USBD_Library/Class/CDC/usbd_cdc.o
                0x000000000800b17a                USBD_CDC_SetRxBuffer
 .text.USBD_CDC_TransmitPacket
                0x000000000800b18c       0x34 ./Middlewares/STM32_USBD_Library/Class/CDC/usbd_cdc.o
                0x000000000800b18c                USBD_CDC_TransmitPacket
 .text.USBD_Init
                0x000000000800b1c0       0x2e ./Middlewares/STM32_USBD_Library/Core/usbd_core.o
                0x000000000800b1c0                USBD_Init
 .text.USBD_RegisterClass
                0x000000000800b1ee       0x2e ./Middlewares/STM32_USBD_Library/Core/usbd_core.o
                0x000000000800b1ee                USBD_RegisterClass
 .text.USBD_Start
                0x000000000800b21c        0x8 ./Middlewares/STM32_USBD_Library/Core/usbd_core.o
                0x000000000800b21c                USBD_Start
 .text.USBD_SetClassConfig
                0x000000000800b224       0x12 ./Middlewares/STM32_USBD_Library/Core/usbd_core.o
                0x000000000800b224                USBD_SetClassConfig
 .text.USBD_ClrClassConfig
                0x000000000800b236       0x10 ./Middlewares/STM32_USBD_Library/Core/usbd_core.o
                0x000000000800b236                USBD_ClrClassConfig
 .text.USBD_LL_SetupStage
                0x000000000800b246       0x58 ./Middlewares/STM32_USBD_Library/Core/usbd_core.o
                0x000000000800b246                USBD_LL_SetupStage
 .text.USBD_LL_DataOutStage
                0x000000000800b29e       0x78 ./Middlewares/STM32_USBD_Library/Core/usbd_core.o
                0x000000000800b29e                USBD_LL_DataOutStage
 .text.USBD_LL_DataInStage
                0x000000000800b316       0xbe ./Middlewares/STM32_USBD_Library/Core/usbd_core.o
                0x000000000800b316                USBD_LL_DataInStage
 .text.USBD_LL_Reset
                0x000000000800b3d4       0x5a ./Middlewares/STM32_USBD_Library/Core/usbd_core.o
                0x000000000800b3d4                USBD_LL_Reset
 .text.USBD_LL_SetSpeed
                0x000000000800b42e        0x6 ./Middlewares/STM32_USBD_Library/Core/usbd_core.o
                0x000000000800b42e                USBD_LL_SetSpeed
 .text.USBD_LL_Suspend
                0x000000000800b434       0x14 ./Middlewares/STM32_USBD_Library/Core/usbd_core.o
                0x000000000800b434                USBD_LL_Suspend
 .text.USBD_LL_Resume
                0x000000000800b448       0x1a ./Middlewares/STM32_USBD_Library/Core/usbd_core.o
                0x000000000800b448                USBD_LL_Resume
 .text.USBD_LL_SOF
                0x000000000800b462       0x28 ./Middlewares/STM32_USBD_Library/Core/usbd_core.o
                0x000000000800b462                USBD_LL_SOF
 .text.USBD_LL_IsoINIncomplete
                0x000000000800b48a       0x28 ./Middlewares/STM32_USBD_Library/Core/usbd_core.o
                0x000000000800b48a                USBD_LL_IsoINIncomplete
 .text.USBD_LL_IsoOUTIncomplete
                0x000000000800b4b2       0x28 ./Middlewares/STM32_USBD_Library/Core/usbd_core.o
                0x000000000800b4b2                USBD_LL_IsoOUTIncomplete
 .text.USBD_LL_DevConnected
                0x000000000800b4da        0x4 ./Middlewares/STM32_USBD_Library/Core/usbd_core.o
                0x000000000800b4da                USBD_LL_DevConnected
 .text.USBD_LL_DevDisconnected
                0x000000000800b4de       0x18 ./Middlewares/STM32_USBD_Library/Core/usbd_core.o
                0x000000000800b4de                USBD_LL_DevDisconnected
 .text.USBD_GetLen
                0x000000000800b4f6       0x14 ./Middlewares/STM32_USBD_Library/Core/usbd_ctlreq.o
 .text.USBD_SetFeature
                0x000000000800b50a       0x14 ./Middlewares/STM32_USBD_Library/Core/usbd_ctlreq.o
 .text.USBD_ParseSetupRequest
                0x000000000800b51e       0x28 ./Middlewares/STM32_USBD_Library/Core/usbd_ctlreq.o
                0x000000000800b51e                USBD_ParseSetupRequest
 .text.USBD_CtlError
                0x000000000800b546       0x14 ./Middlewares/STM32_USBD_Library/Core/usbd_ctlreq.o
                0x000000000800b546                USBD_CtlError
 .text.USBD_GetDescriptor
                0x000000000800b55a      0x18a ./Middlewares/STM32_USBD_Library/Core/usbd_ctlreq.o
 .text.USBD_SetAddress
                0x000000000800b6e4       0x50 ./Middlewares/STM32_USBD_Library/Core/usbd_ctlreq.o
 .text.USBD_SetConfig
                0x000000000800b734       0xc8 ./Middlewares/STM32_USBD_Library/Core/usbd_ctlreq.o
 .text.USBD_GetConfig
                0x000000000800b7fc       0x40 ./Middlewares/STM32_USBD_Library/Core/usbd_ctlreq.o
 .text.USBD_GetStatus
                0x000000000800b83c       0x38 ./Middlewares/STM32_USBD_Library/Core/usbd_ctlreq.o
 .text.USBD_ClrFeature
                0x000000000800b874       0x26 ./Middlewares/STM32_USBD_Library/Core/usbd_ctlreq.o
 .text.USBD_StdDevReq
                0x000000000800b89a       0x70 ./Middlewares/STM32_USBD_Library/Core/usbd_ctlreq.o
                0x000000000800b89a                USBD_StdDevReq
 .text.USBD_StdItfReq
                0x000000000800b90a       0x68 ./Middlewares/STM32_USBD_Library/Core/usbd_ctlreq.o
                0x000000000800b90a                USBD_StdItfReq
 .text.USBD_StdEPReq
                0x000000000800b972      0x1ec ./Middlewares/STM32_USBD_Library/Core/usbd_ctlreq.o
                0x000000000800b972                USBD_StdEPReq
 .text.USBD_GetString
                0x000000000800bb5e       0x3a ./Middlewares/STM32_USBD_Library/Core/usbd_ctlreq.o
                0x000000000800bb5e                USBD_GetString
 .text.USBD_CtlSendData
                0x000000000800bb98       0x1a ./Middlewares/STM32_USBD_Library/Core/usbd_ioreq.o
                0x000000000800bb98                USBD_CtlSendData
 .text.USBD_CtlContinueSendData
                0x000000000800bbb2       0x10 ./Middlewares/STM32_USBD_Library/Core/usbd_ioreq.o
                0x000000000800bbb2                USBD_CtlContinueSendData
 .text.USBD_CtlPrepareRx
                0x000000000800bbc2       0x1e ./Middlewares/STM32_USBD_Library/Core/usbd_ioreq.o
                0x000000000800bbc2                USBD_CtlPrepareRx
 .text.USBD_CtlContinueRx
                0x000000000800bbe0       0x10 ./Middlewares/STM32_USBD_Library/Core/usbd_ioreq.o
                0x000000000800bbe0                USBD_CtlContinueRx
 .text.USBD_CtlSendStatus
                0x000000000800bbf0       0x16 ./Middlewares/STM32_USBD_Library/Core/usbd_ioreq.o
                0x000000000800bbf0                USBD_CtlSendStatus
 .text.USBD_CtlReceiveStatus
                0x000000000800bc06       0x16 ./Middlewares/STM32_USBD_Library/Core/usbd_ioreq.o
                0x000000000800bc06                USBD_CtlReceiveStatus
 .text.__errno  0x000000000800bc1c        0xc c:/st/stm32cubeide_1.10.1/stm32cubeide/plugins/com.st.stm32cube.ide.mcu.externaltools.gnu-tools-for-stm32.10.3-2021.10.win32_1.0.0.202111181127/tools/bin/../lib/gcc/arm-none-eabi/10.3.1/../../../../arm-none-eabi/lib/thumb/v7e-m+fp/softfp\libc_nano.a(lib_a-errno.o)
                0x000000000800bc1c                __errno
 .text.__libc_init_array
                0x000000000800bc28       0x48 c:/st/stm32cubeide_1.10.1/stm32cubeide/plugins/com.st.stm32cube.ide.mcu.externaltools.gnu-tools-for-stm32.10.3-2021.10.win32_1.0.0.202111181127/tools/bin/../lib/gcc/arm-none-eabi/10.3.1/../../../../arm-none-eabi/lib/thumb/v7e-m+fp/softfp\libc_nano.a(lib_a-init.o)
                0x000000000800bc28                __libc_init_array
 .text.malloc   0x000000000800bc70       0x10 c:/st/stm32cubeide_1.10.1/stm32cubeide/plugins/com.st.stm32cube.ide.mcu.externaltools.gnu-tools-for-stm32.10.3-2021.10.win32_1.0.0.202111181127/tools/bin/../lib/gcc/arm-none-eabi/10.3.1/../../../../arm-none-eabi/lib/thumb/v7e-m+fp/softfp\libc_nano.a(lib_a-malloc.o)
                0x000000000800bc70                malloc
 .text.free     0x000000000800bc80       0x10 c:/st/stm32cubeide_1.10.1/stm32cubeide/plugins/com.st.stm32cube.ide.mcu.externaltools.gnu-tools-for-stm32.10.3-2021.10.win32_1.0.0.202111181127/tools/bin/../lib/gcc/arm-none-eabi/10.3.1/../../../../arm-none-eabi/lib/thumb/v7e-m+fp/softfp\libc_nano.a(lib_a-malloc.o)
                0x000000000800bc80                free
 .text.memcpy   0x000000000800bc90       0x1c c:/st/stm32cubeide_1.10.1/stm32cubeide/plugins/com.st.stm32cube.ide.mcu.externaltools.gnu-tools-for-stm32.10.3-2021.10.win32_1.0.0.202111181127/tools/bin/../lib/gcc/arm-none-eabi/10.3.1/../../../../arm-none-eabi/lib/thumb/v7e-m+fp/softfp\libc_nano.a(lib_a-memcpy-stub.o)
                0x000000000800bc90                memcpy
 .text.memset   0x000000000800bcac       0x10 c:/st/stm32cubeide_1.10.1/stm32cubeide/plugins/com.st.stm32cube.ide.mcu.externaltools.gnu-tools-for-stm32.10.3-2021.10.win32_1.0.0.202111181127/tools/bin/../lib/gcc/arm-none-eabi/10.3.1/../../../../arm-none-eabi/lib/thumb/v7e-m+fp/softfp\libc_nano.a(lib_a-memset.o)
                0x000000000800bcac                memset
 .text._free_r  0x000000000800bcbc       0x98 c:/st/stm32cubeide_1.10.1/stm32cubeide/plugins/com.st.stm32cube.ide.mcu.externaltools.gnu-tools-for-stm32.10.3-2021.10.win32_1.0.0.202111181127/tools/bin/../lib/gcc/arm-none-eabi/10.3.1/../../../../arm-none-eabi/lib/thumb/v7e-m+fp/softfp\libc_nano.a(lib_a-nano-freer.o)
                0x000000000800bcbc                _free_r
 .text.sbrk_aligned
                0x000000000800bd54       0x40 c:/st/stm32cubeide_1.10.1/stm32cubeide/plugins/com.st.stm32cube.ide.mcu.externaltools.gnu-tools-for-stm32.10.3-2021.10.win32_1.0.0.202111181127/tools/bin/../lib/gcc/arm-none-eabi/10.3.1/../../../../arm-none-eabi/lib/thumb/v7e-m+fp/softfp\libc_nano.a(lib_a-nano-mallocr.o)
 .text._malloc_r
                0x000000000800bd94       0xe8 c:/st/stm32cubeide_1.10.1/stm32cubeide/plugins/com.st.stm32cube.ide.mcu.externaltools.gnu-tools-for-stm32.10.3-2021.10.win32_1.0.0.202111181127/tools/bin/../lib/gcc/arm-none-eabi/10.3.1/../../../../arm-none-eabi/lib/thumb/v7e-m+fp/softfp\libc_nano.a(lib_a-nano-mallocr.o)
                0x000000000800bd94                _malloc_r
 .text._sbrk_r  0x000000000800be7c       0x20 c:/st/stm32cubeide_1.10.1/stm32cubeide/plugins/com.st.stm32cube.ide.mcu.externaltools.gnu-tools-for-stm32.10.3-2021.10.win32_1.0.0.202111181127/tools/bin/../lib/gcc/arm-none-eabi/10.3.1/../../../../arm-none-eabi/lib/thumb/v7e-m+fp/softfp\libc_nano.a(lib_a-sbrkr.o)
                0x000000000800be7c                _sbrk_r
 .text.sprintf  0x000000000800be9c       0x40 c:/st/stm32cubeide_1.10.1/stm32cubeide/plugins/com.st.stm32cube.ide.mcu.externaltools.gnu-tools-for-stm32.10.3-2021.10.win32_1.0.0.202111181127/tools/bin/../lib/gcc/arm-none-eabi/10.3.1/../../../../arm-none-eabi/lib/thumb/v7e-m+fp/softfp\libc_nano.a(lib_a-sprintf.o)
                0x000000000800be9c                siprintf
                0x000000000800be9c                sprintf
 .text.__malloc_lock
                0x000000000800bedc        0xc c:/st/stm32cubeide_1.10.1/stm32cubeide/plugins/com.st.stm32cube.ide.mcu.externaltools.gnu-tools-for-stm32.10.3-2021.10.win32_1.0.0.202111181127/tools/bin/../lib/gcc/arm-none-eabi/10.3.1/../../../../arm-none-eabi/lib/thumb/v7e-m+fp/softfp\libc_nano.a(lib_a-mlock.o)
                0x000000000800bedc                __malloc_lock
 .text.__malloc_unlock
                0x000000000800bee8        0xc c:/st/stm32cubeide_1.10.1/stm32cubeide/plugins/com.st.stm32cube.ide.mcu.externaltools.gnu-tools-for-stm32.10.3-2021.10.win32_1.0.0.202111181127/tools/bin/../lib/gcc/arm-none-eabi/10.3.1/../../../../arm-none-eabi/lib/thumb/v7e-m+fp/softfp\libc_nano.a(lib_a-mlock.o)
                0x000000000800bee8                __malloc_unlock
 .text.__ssputs_r
                0x000000000800bef4       0xb6 c:/st/stm32cubeide_1.10.1/stm32cubeide/plugins/com.st.stm32cube.ide.mcu.externaltools.gnu-tools-for-stm32.10.3-2021.10.win32_1.0.0.202111181127/tools/bin/../lib/gcc/arm-none-eabi/10.3.1/../../../../arm-none-eabi/lib/thumb/v7e-m+fp/softfp\libc_nano.a(lib_a-nano-svfprintf.o)
                0x000000000800bef4                __ssputs_r
 *fill*         0x000000000800bfaa        0x2 
 .text._svfprintf_r
                0x000000000800bfac      0x200 c:/st/stm32cubeide_1.10.1/stm32cubeide/plugins/com.st.stm32cube.ide.mcu.externaltools.gnu-tools-for-stm32.10.3-2021.10.win32_1.0.0.202111181127/tools/bin/../lib/gcc/arm-none-eabi/10.3.1/../../../../arm-none-eabi/lib/thumb/v7e-m+fp/softfp\libc_nano.a(lib_a-nano-svfprintf.o)
                0x000000000800bfac                _svfiprintf_r
                0x000000000800bfac                _svfprintf_r
 .text._printf_common
                0x000000000800c1ac       0xda c:/st/stm32cubeide_1.10.1/stm32cubeide/plugins/com.st.stm32cube.ide.mcu.externaltools.gnu-tools-for-stm32.10.3-2021.10.win32_1.0.0.202111181127/tools/bin/../lib/gcc/arm-none-eabi/10.3.1/../../../../arm-none-eabi/lib/thumb/v7e-m+fp/softfp\libc_nano.a(lib_a-nano-vfprintf_i.o)
                0x000000000800c1ac                _printf_common
 *fill*         0x000000000800c286        0x2 
 .text._printf_i
                0x000000000800c288      0x24c c:/st/stm32cubeide_1.10.1/stm32cubeide/plugins/com.st.stm32cube.ide.mcu.externaltools.gnu-tools-for-stm32.10.3-2021.10.win32_1.0.0.202111181127/tools/bin/../lib/gcc/arm-none-eabi/10.3.1/../../../../arm-none-eabi/lib/thumb/v7e-m+fp/softfp\libc_nano.a(lib_a-nano-vfprintf_i.o)
                0x000000000800c288                _printf_i
 .text.__retarget_lock_acquire_recursive
                0x000000000800c4d4        0x2 c:/st/stm32cubeide_1.10.1/stm32cubeide/plugins/com.st.stm32cube.ide.mcu.externaltools.gnu-tools-for-stm32.10.3-2021.10.win32_1.0.0.202111181127/tools/bin/../lib/gcc/arm-none-eabi/10.3.1/../../../../arm-none-eabi/lib/thumb/v7e-m+fp/softfp\libc_nano.a(lib_a-lock.o)
                0x000000000800c4d4                __retarget_lock_acquire_recursive
 .text.__retarget_lock_release_recursive
                0x000000000800c4d6        0x2 c:/st/stm32cubeide_1.10.1/stm32cubeide/plugins/com.st.stm32cube.ide.mcu.externaltools.gnu-tools-for-stm32.10.3-2021.10.win32_1.0.0.202111181127/tools/bin/../lib/gcc/arm-none-eabi/10.3.1/../../../../arm-none-eabi/lib/thumb/v7e-m+fp/softfp\libc_nano.a(lib_a-lock.o)
                0x000000000800c4d6                __retarget_lock_release_recursive
 .text.memmove  0x000000000800c4d8       0x34 c:/st/stm32cubeide_1.10.1/stm32cubeide/plugins/com.st.stm32cube.ide.mcu.externaltools.gnu-tools-for-stm32.10.3-2021.10.win32_1.0.0.202111181127/tools/bin/../lib/gcc/arm-none-eabi/10.3.1/../../../../arm-none-eabi/lib/thumb/v7e-m+fp/softfp\libc_nano.a(lib_a-memmove.o)
                0x000000000800c4d8                memmove
 .text._realloc_r
                0x000000000800c50c       0x5e c:/st/stm32cubeide_1.10.1/stm32cubeide/plugins/com.st.stm32cube.ide.mcu.externaltools.gnu-tools-for-stm32.10.3-2021.10.win32_1.0.0.202111181127/tools/bin/../lib/gcc/arm-none-eabi/10.3.1/../../../../arm-none-eabi/lib/thumb/v7e-m+fp/softfp\libc_nano.a(lib_a-nano-reallocr.o)
                0x000000000800c50c                _realloc_r
 .text._malloc_usable_size_r
                0x000000000800c56a       0x10 c:/st/stm32cubeide_1.10.1/stm32cubeide/plugins/com.st.stm32cube.ide.mcu.externaltools.gnu-tools-for-stm32.10.3-2021.10.win32_1.0.0.202111181127/tools/bin/../lib/gcc/arm-none-eabi/10.3.1/../../../../arm-none-eabi/lib/thumb/v7e-m+fp/softfp\libc_nano.a(lib_a-nano-msizer.o)
                0x000000000800c56a                _malloc_usable_size_r
 *(.glue_7)
 .glue_7        0x000000000800c57a        0x0 linker stubs
 *(.glue_7t)
 .glue_7t       0x000000000800c57a        0x0 linker stubs
 *(.eh_frame)
 *fill*         0x000000000800c57a        0x2 
 .eh_frame      0x000000000800c57c        0x0 c:/st/stm32cubeide_1.10.1/stm32cubeide/plugins/com.st.stm32cube.ide.mcu.externaltools.gnu-tools-for-stm32.10.3-2021.10.win32_1.0.0.202111181127/tools/bin/../lib/gcc/arm-none-eabi/10.3.1/thumb/v7e-m+fp/softfp/crtbegin.o
 *(.init)
 .init          0x000000000800c57c        0x4 c:/st/stm32cubeide_1.10.1/stm32cubeide/plugins/com.st.stm32cube.ide.mcu.externaltools.gnu-tools-for-stm32.10.3-2021.10.win32_1.0.0.202111181127/tools/bin/../lib/gcc/arm-none-eabi/10.3.1/thumb/v7e-m+fp/softfp/crti.o
                0x000000000800c57c                _init
 .init          0x000000000800c580        0x8 c:/st/stm32cubeide_1.10.1/stm32cubeide/plugins/com.st.stm32cube.ide.mcu.externaltools.gnu-tools-for-stm32.10.3-2021.10.win32_1.0.0.202111181127/tools/bin/../lib/gcc/arm-none-eabi/10.3.1/thumb/v7e-m+fp/softfp/crtn.o
 *(.fini)
 .fini          0x000000000800c588        0x4 c:/st/stm32cubeide_1.10.1/stm32cubeide/plugins/com.st.stm32cube.ide.mcu.externaltools.gnu-tools-for-stm32.10.3-2021.10.win32_1.0.0.202111181127/tools/bin/../lib/gcc/arm-none-eabi/10.3.1/thumb/v7e-m+fp/softfp/crti.o
                0x000000000800c588                _fini
 .fini          0x000000000800c58c        0x8 c:/st/stm32cubeide_1.10.1/stm32cubeide/plugins/com.st.stm32cube.ide.mcu.externaltools.gnu-tools-for-stm32.10.3-2021.10.win32_1.0.0.202111181127/tools/bin/../lib/gcc/arm-none-eabi/10.3.1/thumb/v7e-m+fp/softfp/crtn.o
                0x000000000800c598                . = ALIGN (0x8)
 *fill*         0x000000000800c594        0x4 
                0x000000000800c598                _etext = .

.vfp11_veneer   0x000000000800c598        0x0
 .vfp11_veneer  0x000000000800c598        0x0 linker stubs

.v4_bx          0x000000000800c598        0x0
 .v4_bx         0x000000000800c598        0x0 linker stubs

.iplt           0x000000000800c598        0x0
 .iplt          0x000000000800c598        0x0 c:/st/stm32cubeide_1.10.1/stm32cubeide/plugins/com.st.stm32cube.ide.mcu.externaltools.gnu-tools-for-stm32.10.3-2021.10.win32_1.0.0.202111181127/tools/bin/../lib/gcc/arm-none-eabi/10.3.1/thumb/v7e-m+fp/softfp/crtbegin.o

.rodata         0x000000000800c598      0x388
                0x000000000800c598                . = ALIGN (0x8)
 *(.rodata)
 .rodata        0x000000000800c598        0xd ./Application/User/hci_tl_interface.o
 *fill*         0x000000000800c5a5        0x3 
 .rodata        0x000000000800c5a8        0x8 ./Drivers/BSP/SensorTile/SensorTile.o
                0x000000000800c5a8                GPIO_PIN
 .rodata        0x000000000800c5b0       0x48 ./Drivers/CMSIS/system_stm32l4xx.o
                0x000000000800c5b0                MSIRangeTable
                0x000000000800c5e0                AHBPrescTable
                0x000000000800c5f0                APBPrescTable
 *(.rodata*)
 .rodata.str1.4
                0x000000000800c5f8       0xad ./Application/User/sensor_service.o
 *fill*         0x000000000800c6a5        0x3 
 .rodata.str1.4
                0x000000000800c6a8       0x18 ./Application/User/hci_tl_interface.o
 .rodata.str1.4
                0x000000000800c6c0      0x1d7 ./Application/User/main.o
 *fill*         0x000000000800c897        0x1 
 .rodata.str1.4
                0x000000000800c898       0x52 ./Application/User/usbd_desc.o
 .rodata._svfprintf_r.str1.1
                0x000000000800c8ea       0x11 c:/st/stm32cubeide_1.10.1/stm32cubeide/plugins/com.st.stm32cube.ide.mcu.externaltools.gnu-tools-for-stm32.10.3-2021.10.win32_1.0.0.202111181127/tools/bin/../lib/gcc/arm-none-eabi/10.3.1/../../../../arm-none-eabi/lib/thumb/v7e-m+fp/softfp\libc_nano.a(lib_a-nano-svfprintf.o)
 .rodata._printf_i.str1.1
                0x000000000800c8fb       0x22 c:/st/stm32cubeide_1.10.1/stm32cubeide/plugins/com.st.stm32cube.ide.mcu.externaltools.gnu-tools-for-stm32.10.3-2021.10.win32_1.0.0.202111181127/tools/bin/../lib/gcc/arm-none-eabi/10.3.1/../../../../arm-none-eabi/lib/thumb/v7e-m+fp/softfp\libc_nano.a(lib_a-nano-vfprintf_i.o)
                0x000000000800c920                . = ALIGN (0x8)
 *fill*         0x000000000800c91d        0x3 

.rel.dyn        0x000000000800c920        0x0
 .rel.iplt      0x000000000800c920        0x0 c:/st/stm32cubeide_1.10.1/stm32cubeide/plugins/com.st.stm32cube.ide.mcu.externaltools.gnu-tools-for-stm32.10.3-2021.10.win32_1.0.0.202111181127/tools/bin/../lib/gcc/arm-none-eabi/10.3.1/thumb/v7e-m+fp/softfp/crtbegin.o

.ARM.extab
 *(.ARM.extab* .gnu.linkonce.armextab.*)

.ARM            0x000000000800c920        0x0
                0x000000000800c920                __exidx_start = .
 *(.ARM.exidx*)
                0x000000000800c920                __exidx_end = .

.preinit_array  0x000000000800c920        0x0
                0x000000000800c920                PROVIDE (__preinit_array_start = .)
 *(.preinit_array*)
                0x000000000800c920                PROVIDE (__preinit_array_end = .)

.init_array     0x000000000800c920        0x4
                0x000000000800c920                PROVIDE (__init_array_start = .)
 *(SORT_BY_NAME(.init_array.*))
 *(.init_array*)
 .init_array    0x000000000800c920        0x4 c:/st/stm32cubeide_1.10.1/stm32cubeide/plugins/com.st.stm32cube.ide.mcu.externaltools.gnu-tools-for-stm32.10.3-2021.10.win32_1.0.0.202111181127/tools/bin/../lib/gcc/arm-none-eabi/10.3.1/thumb/v7e-m+fp/softfp/crtbegin.o
                0x000000000800c924                PROVIDE (__init_array_end = .)

.fini_array     0x000000000800c924        0x4
                [!provide]                        PROVIDE (__fini_array_start = .)
 *(SORT_BY_NAME(.fini_array.*))
 *(.fini_array*)
 .fini_array    0x000000000800c924        0x4 c:/st/stm32cubeide_1.10.1/stm32cubeide/plugins/com.st.stm32cube.ide.mcu.externaltools.gnu-tools-for-stm32.10.3-2021.10.win32_1.0.0.202111181127/tools/bin/../lib/gcc/arm-none-eabi/10.3.1/thumb/v7e-m+fp/softfp/crtbegin.o
                [!provide]                        PROVIDE (__fini_array_end = .)
                0x000000000800c928                _sidata = LOADADDR (.data)

.data           0x0000000020000000      0x200 load address 0x000000000800c928
                0x0000000020000000                . = ALIGN (0x8)
                0x0000000020000000                _sdata = .
 *(.data)
 .data          0x0000000020000000        0x1 ./Application/User/sensor_service.o
                0x0000000020000000                set_connectable
 *fill*         0x0000000020000001        0x3 
 .data          0x0000000020000004        0x4 ./Application/User/main.o
                0x0000000020000004                uhCCR4_Val
 .data          0x0000000020000008       0x1c ./Application/User/usbd_cdc_interface.o
                0x0000000020000008                LineCoding
                0x0000000020000010                USBD_CDC_fops
 .data          0x0000000020000024       0x50 ./Application/User/usbd_desc.o
                0x0000000020000024                USBD_DeviceDesc
                0x0000000020000038                USBD_LangIDDesc
                0x000000002000003c                USBD_StringSerial
                0x0000000020000058                VCP_Desc
 .data          0x0000000020000074        0x8 ./Drivers/BSP/SensorTile/SensorTile.o
                0x0000000020000074                GPIO_PORT
 .data          0x000000002000007c        0x4 ./Drivers/CMSIS/system_stm32l4xx.o
                0x000000002000007c                SystemCoreClock
 .data          0x0000000020000080        0x8 ./Drivers/STM32L4xx_HAL_Driver/stm32l4xx_hal.o
                0x0000000020000080                uwTickFreq
                0x0000000020000084                uwTickPrio
 .data          0x0000000020000088      0x110 ./Middlewares/STM32_USBD_Library/Class/CDC/usbd_cdc.o
                0x0000000020000160                USBD_CDC
 *(.data*)
 .data._impure_ptr
                0x0000000020000198        0x4 c:/st/stm32cubeide_1.10.1/stm32cubeide/plugins/com.st.stm32cube.ide.mcu.externaltools.gnu-tools-for-stm32.10.3-2021.10.win32_1.0.0.202111181127/tools/bin/../lib/gcc/arm-none-eabi/10.3.1/../../../../arm-none-eabi/lib/thumb/v7e-m+fp/softfp\libc_nano.a(lib_a-impure.o)
                0x0000000020000198                _impure_ptr
 .data.impure_data
                0x000000002000019c       0x60 c:/st/stm32cubeide_1.10.1/stm32cubeide/plugins/com.st.stm32cube.ide.mcu.externaltools.gnu-tools-for-stm32.10.3-2021.10.win32_1.0.0.202111181127/tools/bin/../lib/gcc/arm-none-eabi/10.3.1/../../../../arm-none-eabi/lib/thumb/v7e-m+fp/softfp\libc_nano.a(lib_a-impure.o)
                0x0000000020000200                . = ALIGN (0x8)
 *fill*         0x00000000200001fc        0x4 
                0x0000000020000200                _edata = .

.igot.plt       0x0000000020000200        0x0 load address 0x000000000800cb28
 .igot.plt      0x0000000020000200        0x0 c:/st/stm32cubeide_1.10.1/stm32cubeide/plugins/com.st.stm32cube.ide.mcu.externaltools.gnu-tools-for-stm32.10.3-2021.10.win32_1.0.0.202111181127/tools/bin/../lib/gcc/arm-none-eabi/10.3.1/thumb/v7e-m+fp/softfp/crtbegin.o
                0x0000000020000200                . = ALIGN (0x4)

.bss            0x0000000020000200     0x2750 load address 0x000000000800cb28
                0x0000000020000200                _sbss = .
                0x0000000020000200                __bss_start__ = _sbss
 *(.bss)
 .bss           0x0000000020000200       0x1c c:/st/stm32cubeide_1.10.1/stm32cubeide/plugins/com.st.stm32cube.ide.mcu.externaltools.gnu-tools-for-stm32.10.3-2021.10.win32_1.0.0.202111181127/tools/bin/../lib/gcc/arm-none-eabi/10.3.1/thumb/v7e-m+fp/softfp/crtbegin.o
 .bss           0x000000002000021c       0x14 ./Application/User/sensor_service.o
                0x000000002000021c                connected
                0x000000002000022c                FeatureMask
 .bss           0x0000000020000230       0xff ./Application/User/hci_tl_interface.o
 *fill*         0x000000002000032f        0x1 
 .bss           0x0000000020000330      0x4ec ./Application/User/main.o
                0x0000000020000330                bdaddr
                0x0000000020000338                MAG_Value
                0x0000000020000344                COMP_Value
                0x0000000020000350                ACC_Value
                0x000000002000035c                TimCCHandle
                0x00000000200003ac                TimEnvHandle
                0x00000000200003fc                USBD_Device
                0x00000000200006cc                NodeName
                0x00000000200006d4                HCI_ProcessEvent
                0x00000000200006e0                AccCalibrationData
                0x00000000200006fc                MagCalibrationData
                0x0000000020000710                BytesToWrite
                0x0000000020000714                BufferToWrite
                0x0000000020000814                FirstConnectionConfig
                0x0000000020000818                ConnectionBleStatus
 .bss           0x000000002000081c        0x4 ./Application/User/sysmem.o
 .bss           0x0000000020000820     0x185c ./Application/User/usbd_cdc_interface.o
                0x0000000020000820                TimHandle
                0x000000002000086c                UserTxBuffer
                0x000000002000106c                UserRxBuffer
                0x000000002000186c                UserTxBufPtrIn
                0x0000000020001870                UserTxBufPtrOut
                0x0000000020001874                USB_RxBufferStart_idx
                0x0000000020001878                USB_RxBuffer
                0x0000000020002078                BuffLength
 .bss           0x000000002000207c      0x408 ./Application/User/usbd_conf.o
                0x000000002000207c                hpcd
 .bss           0x0000000020002484      0x100 ./Application/User/usbd_desc.o
                0x0000000020002484                USBD_StrDesc
 .bss           0x0000000020002584       0xc8 ./Drivers/BSP/SensorTile/SensorTile_bus.o
                0x0000000020002584                hbusspi2
                0x00000000200025e8                hbusspi1
 .bss           0x000000002000264c        0x4 ./Drivers/STM32L4xx_HAL_Driver/stm32l4xx_hal.o
                0x000000002000264c                uwTick
 .bss           0x0000000020002650      0x2ec ./Middlewares/BlueNRG-MS/HCI/hci_tl_patterns/Basic/hci_tl.o
                0x0000000020002670                hciReadPktRxQueue
                0x0000000020002678                hciReadPktPool
 .bss           0x000000002000293c        0x1 ./Middlewares/STM32_USBD_Library/Core/usbd_ctlreq.o
 *(.bss*)
 *fill*         0x000000002000293d        0x3 
 .bss.__malloc_free_list
                0x0000000020002940        0x4 c:/st/stm32cubeide_1.10.1/stm32cubeide/plugins/com.st.stm32cube.ide.mcu.externaltools.gnu-tools-for-stm32.10.3-2021.10.win32_1.0.0.202111181127/tools/bin/../lib/gcc/arm-none-eabi/10.3.1/../../../../arm-none-eabi/lib/thumb/v7e-m+fp/softfp\libc_nano.a(lib_a-nano-mallocr.o)
                0x0000000020002940                __malloc_free_list
 .bss.__malloc_sbrk_start
                0x0000000020002944        0x4 c:/st/stm32cubeide_1.10.1/stm32cubeide/plugins/com.st.stm32cube.ide.mcu.externaltools.gnu-tools-for-stm32.10.3-2021.10.win32_1.0.0.202111181127/tools/bin/../lib/gcc/arm-none-eabi/10.3.1/../../../../arm-none-eabi/lib/thumb/v7e-m+fp/softfp\libc_nano.a(lib_a-nano-mallocr.o)
                0x0000000020002944                __malloc_sbrk_start
 .bss.errno     0x0000000020002948        0x4 c:/st/stm32cubeide_1.10.1/stm32cubeide/plugins/com.st.stm32cube.ide.mcu.externaltools.gnu-tools-for-stm32.10.3-2021.10.win32_1.0.0.202111181127/tools/bin/../lib/gcc/arm-none-eabi/10.3.1/../../../../arm-none-eabi/lib/thumb/v7e-m+fp/softfp\libc_nano.a(lib_a-reent.o)
                0x0000000020002948                errno
 .bss.__lock___malloc_recursive_mutex
                0x000000002000294c        0x1 c:/st/stm32cubeide_1.10.1/stm32cubeide/plugins/com.st.stm32cube.ide.mcu.externaltools.gnu-tools-for-stm32.10.3-2021.10.win32_1.0.0.202111181127/tools/bin/../lib/gcc/arm-none-eabi/10.3.1/../../../../arm-none-eabi/lib/thumb/v7e-m+fp/softfp\libc_nano.a(lib_a-lock.o)
                0x000000002000294c                __lock___malloc_recursive_mutex
 *(COMMON)
                0x0000000020002950                . = ALIGN (0x4)
 *fill*         0x000000002000294d        0x3 
                0x0000000020002950                _ebss = .
                0x0000000020002950                __bss_end__ = _ebss

.noinit         0x0000000010000000        0x0
                0x0000000010000000                . = ALIGN (0x4)
 *(.noinit)
                0x0000000010000000                . = ALIGN (0x4)

.bss2           0x0000000020000200        0x0 load address 0x0000000010000000
                0x0000000020000200                . = ALIGN (0x4)
                0x0000000020000200                _sbss2 = .
 *(.bss2)
                0x0000000020000200                _ebss2 = .

._user_heap_stack
                0x0000000020002950     0x3000
                0x0000000020002950                . = ALIGN (0x4)
                [!provide]                        PROVIDE (end = .)
                0x0000000020002950                PROVIDE (_end = .)
                0x0000000020003950                . = (. + _Min_Heap_Size)
 *fill*         0x0000000020002950     0x1000 
                0x0000000020005950                . = (. + _Min_Stack_Size)
 *fill*         0x0000000020003950     0x2000 
                0x0000000020005950                . = ALIGN (0x4)

/DISCARD/
 libc.a(*)
 libm.a(*)
 libgcc.a(*)

.ARM.attributes
                0x0000000000000000       0x2e
 *(.ARM.attributes)
 .ARM.attributes
                0x0000000000000000       0x1e c:/st/stm32cubeide_1.10.1/stm32cubeide/plugins/com.st.stm32cube.ide.mcu.externaltools.gnu-tools-for-stm32.10.3-2021.10.win32_1.0.0.202111181127/tools/bin/../lib/gcc/arm-none-eabi/10.3.1/thumb/v7e-m+fp/softfp/crti.o
 .ARM.attributes
                0x000000000000001e       0x32 c:/st/stm32cubeide_1.10.1/stm32cubeide/plugins/com.st.stm32cube.ide.mcu.externaltools.gnu-tools-for-stm32.10.3-2021.10.win32_1.0.0.202111181127/tools/bin/../lib/gcc/arm-none-eabi/10.3.1/thumb/v7e-m+fp/softfp/crtbegin.o
 .ARM.attributes
                0x0000000000000050       0x21 ./Application/Startup/startup_stm32l476xx.o
 .ARM.attributes
                0x0000000000000071       0x32 ./Application/User/sensor_service.o
 .ARM.attributes
                0x00000000000000a3       0x32 ./Application/User/hci_tl_interface.o
 .ARM.attributes
                0x00000000000000d5       0x32 ./Application/User/main.o
 .ARM.attributes
                0x0000000000000107       0x32 ./Application/User/stm32l4xx_hal_msp.o
 .ARM.attributes
                0x0000000000000139       0x32 ./Application/User/stm32l4xx_it.o
 .ARM.attributes
                0x000000000000016b       0x32 ./Application/User/sysmem.o
 .ARM.attributes
                0x000000000000019d       0x32 ./Application/User/usbd_cdc_interface.o
 .ARM.attributes