C:/Users/techn/Documents/COMPSYS704/2/FreshProject/COMSYS704_2022/Projects/STM32L476JG-SensorTile/Applications/ALLMEMS1/Src/main.c:1278:13:SystemClock_Config	240	static
C:/Users/techn/Documents/COMPSYS704/2/FreshProject/COMSYS704_2022/Projects/STM32L476JG-SensorTile/Applications/ALLMEMS1/Src/main.c:961:16:BSP_LSM303AGR_WriteReg_Acc	24	static
C:/Users/techn/Documents/COMPSYS704/2/FreshProject/COMSYS704_2022/Projects/STM32L476JG-SensorTile/Applications/ALLMEMS1/Src/main.c:401:13:startAcc	280	static
C:/Users/techn/Documents/COMPSYS704/2/FreshProject/COMSYS704_2022/Projects/STM32L476JG-SensorTile/Applications/ALLMEMS1/Src/main.c:895:16:BSP_LSM303AGR_WriteReg_Mag	24	static
C:/Users/techn/Documents/COMPSYS704/2/FreshProject/COMSYS704_2022/Projects/STM32L476JG-SensorTile/Applications/ALLMEMS1/Src/main.c:235:13:startMag	24	static
C:/Users/techn/Documents/COMPSYS704/2/FreshProject/COMSYS704_2022/Projects/STM32L476JG-SensorTile/Applications/ALLMEMS1/Src/main.c:1148:13:Init_BlueNRG_Stack	352	static
C:/Users/techn/Documents/COMPSYS704/2/FreshProject/COMSYS704_2022/Projects/STM32L476JG-SensorTile/Applications/ALLMEMS1/Src/main.c:1243:13:Init_BlueNRG_Custom_Services	264	static
C:/Users/techn/Documents/COMPSYS704/2/FreshProject/COMSYS704_2022/Projects/STM32L476JG-SensorTile/Applications/ALLMEMS1/Src/main.c:692:13:SendMotionData	8	static
C:/Users/techn/Documents/COMPSYS704/2/FreshProject/COMSYS704_2022/Projects/STM32L476JG-SensorTile/Applications/ALLMEMS1/Src/main.c:459:9:fs_2g_to_mg	0	static
C:/Users/techn/Documents/COMPSYS704/2/FreshProject/COMSYS704_2022/Projects/STM32L476JG-SensorTile/Applications/ALLMEMS1/Src/main.c:650:6:HAL_TIM_OC_DelayElapsedCallback	8	static
C:/Users/techn/Documents/COMPSYS704/2/FreshProject/COMSYS704_2022/Projects/STM32L476JG-SensorTile/Applications/ALLMEMS1/Src/main.c:672:6:HAL_TIM_PeriodElapsedCallback	8	static
C:/Users/techn/Documents/COMPSYS704/2/FreshProject/COMSYS704_2022/Projects/STM32L476JG-SensorTile/Applications/ALLMEMS1/Src/main.c:797:9:Sensor_IO_SPI_CS_Init_All	80	static
C:/Users/techn/Documents/COMPSYS704/2/FreshProject/COMSYS704_2022/Projects/STM32L476JG-SensorTile/Applications/ALLMEMS1/Src/main.c:876:9:LED_IO_Init	32	static
C:/Users/techn/Documents/COMPSYS704/2/FreshProject/COMSYS704_2022/Projects/STM32L476JG-SensorTile/Applications/ALLMEMS1/Src/main.c:1032:6:LSM303AGR_SPI_Read_nBytes	4	static,ignoring_inline_asm
C:/Users/techn/Documents/COMPSYS704/2/FreshProject/COMSYS704_2022/Projects/STM32L476JG-SensorTile/Applications/ALLMEMS1/Src/main.c:1073:6:LSM303AGR_SPI_Read	0	static,ignoring_inline_asm
C:/Users/techn/Documents/COMPSYS704/2/FreshProject/COMSYS704_2022/Projects/STM32L476JG-SensorTile/Applications/ALLMEMS1/Src/main.c:1102:6:LSM303AGR_SPI_Write	0	static
C:/Users/techn/Documents/COMPSYS704/2/FreshProject/COMSYS704_2022/Projects/STM32L476JG-SensorTile/Applications/ALLMEMS1/Src/main.c:926:16:BSP_LSM303AGR_ReadReg_Mag	24	static
C:/Users/techn/Documents/COMPSYS704/2/FreshProject/COMSYS704_2022/Projects/STM32L476JG-SensorTile/Applications/ALLMEMS1/Src/main.c:418:13:readMag	304	static
C:/Users/techn/Documents/COMPSYS704/2/FreshProject/COMSYS704_2022/Projects/STM32L476JG-SensorTile/Applications/ALLMEMS1/Src/main.c:992:16:BSP_LSM303AGR_ReadReg_Acc	16	static
C:/Users/techn/Documents/COMPSYS704/2/FreshProject/COMSYS704_2022/Projects/STM32L476JG-SensorTile/Applications/ALLMEMS1/Src/main.c:214:13:InitLSM	280	static
C:/Users/techn/Documents/COMPSYS704/2/FreshProject/COMSYS704_2022/Projects/STM32L476JG-SensorTile/Applications/ALLMEMS1/Src/main.c:465:13:readAcc	32	static
C:/Users/techn/Documents/COMPSYS704/2/FreshProject/COMSYS704_2022/Projects/STM32L476JG-SensorTile/Applications/ALLMEMS1/Src/main.c:1352:6:HAL_Delay	16	static,ignoring_inline_asm
C:/Users/techn/Documents/COMPSYS704/2/FreshProject/COMSYS704_2022/Projects/STM32L476JG-SensorTile/Applications/ALLMEMS1/Src/main.c:616:6:InitTargetPlatform	8	static
C:/Users/techn/Documents/COMPSYS704/2/FreshProject/COMSYS704_2022/Projects/STM32L476JG-SensorTile/Applications/ALLMEMS1/Src/main.c:1366:6:Error_Handler	0	static
C:/Users/techn/Documents/COMPSYS704/2/FreshProject/COMSYS704_2022/Projects/STM32L476JG-SensorTile/Applications/ALLMEMS1/Src/main.c:707:13:InitTimers	56	static
C:/Users/techn/Documents/COMPSYS704/2/FreshProject/COMSYS704_2022/Projects/STM32L476JG-SensorTile/Applications/ALLMEMS1/Src/main.c:498:5:main	8	static,ignoring_inline_asm
C:/Users/techn/Documents/COMPSYS704/2/FreshProject/COMSYS704_2022/Projects/STM32L476JG-SensorTile/Applications/ALLMEMS1/Src/main.c:1378:6:HAL_GPIO_EXTI_Callback	8	static
