C:/Users/techn/Documents/COMPSYS704/2/COMSYS704_2022/COMSYS704_2022/Projects/STM32L476JG-SensorTile/Applications/ALLMEMS1/Src/main.c:1245:13:SystemClock_Config	240	static
C:/Users/techn/Documents/COMPSYS704/2/COMSYS704_2022/COMSYS704_2022/Projects/STM32L476JG-SensorTile/Applications/ALLMEMS1/Src/main.c:928:16:BSP_LSM303AGR_WriteReg_Acc	24	static
C:/Users/techn/Documents/COMPSYS704/2/COMSYS704_2022/COMSYS704_2022/Projects/STM32L476JG-SensorTile/Applications/ALLMEMS1/Src/main.c:387:13:startAcc	280	static
C:/Users/techn/Documents/COMPSYS704/2/COMSYS704_2022/COMSYS704_2022/Projects/STM32L476JG-SensorTile/Applications/ALLMEMS1/Src/main.c:862:16:BSP_LSM303AGR_WriteReg_Mag	24	static
C:/Users/techn/Documents/COMPSYS704/2/COMSYS704_2022/COMSYS704_2022/Projects/STM32L476JG-SensorTile/Applications/ALLMEMS1/Src/main.c:221:13:startMag	24	static
C:/Users/techn/Documents/COMPSYS704/2/COMSYS704_2022/COMSYS704_2022/Projects/STM32L476JG-SensorTile/Applications/ALLMEMS1/Src/main.c:1115:13:Init_BlueNRG_Stack	352	static
C:/Users/techn/Documents/COMPSYS704/2/COMSYS704_2022/COMSYS704_2022/Projects/STM32L476JG-SensorTile/Applications/ALLMEMS1/Src/main.c:1210:13:Init_BlueNRG_Custom_Services	264	static
C:/Users/techn/Documents/COMPSYS704/2/COMSYS704_2022/COMSYS704_2022/Projects/STM32L476JG-SensorTile/Applications/ALLMEMS1/Src/main.c:671:13:SendMotionData	8	static
C:/Users/techn/Documents/COMPSYS704/2/COMSYS704_2022/COMSYS704_2022/Projects/STM32L476JG-SensorTile/Applications/ALLMEMS1/Src/main.c:438:9:fs_2g_to_mg	0	static
C:/Users/techn/Documents/COMPSYS704/2/COMSYS704_2022/COMSYS704_2022/Projects/STM32L476JG-SensorTile/Applications/ALLMEMS1/Src/main.c:629:6:HAL_TIM_OC_DelayElapsedCallback	8	static
C:/Users/techn/Documents/COMPSYS704/2/COMSYS704_2022/COMSYS704_2022/Projects/STM32L476JG-SensorTile/Applications/ALLMEMS1/Src/main.c:651:6:HAL_TIM_PeriodElapsedCallback	8	static
C:/Users/techn/Documents/COMPSYS704/2/COMSYS704_2022/COMSYS704_2022/Projects/STM32L476JG-SensorTile/Applications/ALLMEMS1/Src/main.c:776:9:Sensor_IO_SPI_CS_Init_All	80	static
C:/Users/techn/Documents/COMPSYS704/2/COMSYS704_2022/COMSYS704_2022/Projects/STM32L476JG-SensorTile/Applications/ALLMEMS1/Src/main.c:999:6:LSM303AGR_SPI_Read_nBytes	4	static,ignoring_inline_asm
C:/Users/techn/Documents/COMPSYS704/2/COMSYS704_2022/COMSYS704_2022/Projects/STM32L476JG-SensorTile/Applications/ALLMEMS1/Src/main.c:1040:6:LSM303AGR_SPI_Read	0	static,ignoring_inline_asm
C:/Users/techn/Documents/COMPSYS704/2/COMSYS704_2022/COMSYS704_2022/Projects/STM32L476JG-SensorTile/Applications/ALLMEMS1/Src/main.c:1069:6:LSM303AGR_SPI_Write	0	static
C:/Users/techn/Documents/COMPSYS704/2/COMSYS704_2022/COMSYS704_2022/Projects/STM32L476JG-SensorTile/Applications/ALLMEMS1/Src/main.c:893:16:BSP_LSM303AGR_ReadReg_Mag	24	static
C:/Users/techn/Documents/COMPSYS704/2/COMSYS704_2022/COMSYS704_2022/Projects/STM32L476JG-SensorTile/Applications/ALLMEMS1/Src/main.c:405:13:readMag	296	static
C:/Users/techn/Documents/COMPSYS704/2/COMSYS704_2022/COMSYS704_2022/Projects/STM32L476JG-SensorTile/Applications/ALLMEMS1/Src/main.c:959:16:BSP_LSM303AGR_ReadReg_Acc	16	static
C:/Users/techn/Documents/COMPSYS704/2/COMSYS704_2022/COMSYS704_2022/Projects/STM32L476JG-SensorTile/Applications/ALLMEMS1/Src/main.c:202:13:InitLSM	280	static
C:/Users/techn/Documents/COMPSYS704/2/COMSYS704_2022/COMSYS704_2022/Projects/STM32L476JG-SensorTile/Applications/ALLMEMS1/Src/main.c:444:13:readAcc	296	static
C:/Users/techn/Documents/COMPSYS704/2/COMSYS704_2022/COMSYS704_2022/Projects/STM32L476JG-SensorTile/Applications/ALLMEMS1/Src/main.c:1319:6:HAL_Delay	16	static,ignoring_inline_asm
C:/Users/techn/Documents/COMPSYS704/2/COMSYS704_2022/COMSYS704_2022/Projects/STM32L476JG-SensorTile/Applications/ALLMEMS1/Src/main.c:595:6:InitTargetPlatform	8	static
C:/Users/techn/Documents/COMPSYS704/2/COMSYS704_2022/COMSYS704_2022/Projects/STM32L476JG-SensorTile/Applications/ALLMEMS1/Src/main.c:1333:6:Error_Handler	0	static
C:/Users/techn/Documents/COMPSYS704/2/COMSYS704_2022/COMSYS704_2022/Projects/STM32L476JG-SensorTile/Applications/ALLMEMS1/Src/main.c:686:13:InitTimers	56	static
C:/Users/techn/Documents/COMPSYS704/2/COMSYS704_2022/COMSYS704_2022/Projects/STM32L476JG-SensorTile/Applications/ALLMEMS1/Src/main.c:477:5:main	8	static,ignoring_inline_asm
C:/Users/techn/Documents/COMPSYS704/2/COMSYS704_2022/COMSYS704_2022/Projects/STM32L476JG-SensorTile/Applications/ALLMEMS1/Src/main.c:1345:6:HAL_GPIO_EXTI_Callback	8	static
